MPLINK 4.11, Linker
Linker Map File - Created Tue Jan 15 00:12:27 2008

                                 Section Info
                  Section       Type    Address   Location Size(Bytes)
                ---------  ---------  ---------  ---------  ---------
               _entry_scn       code   0x000000    program   0x000006
                   .cinit    romdata   0x00002a    program   0x00001a
         .code_vfprintf.o       code   0x000044    program   0x000c22
             .code_main.o       code   0x000c66    program   0x0003e4
         .code_LCD4BITS.o       code   0x00104a    program   0x00030e
          .romdata_main.o    romdata   0x001358    program   0x00013b
          .code_sprintf.o       code   0x001494    program   0x0000ac
               _cinit_scn       code   0x001540    program   0x00009e
             .code_putc.o       code   0x0015de    program   0x000084
          .code_fxm3232.o       code   0x001662    program   0x000070
                   STRING       code   0x0016d2    program   0x000066
                     PROG       code   0x001738    program   0x00005a
         .code_fxd3232u.o       code   0x001792    program   0x000048
             D10KTCYXCODE       code   0x0017da    program   0x00002e
                    CTYPE       code   0x001808    program   0x000024
             .stringtable    romdata   0x00182c    program   0x000023
             _startup_scn       code   0x001850    program   0x00001c
                    STDIO       code   0x00186c    program   0x00001c
              D10TCYXCODE       code   0x001888    program   0x000016
      .romdata_vfprintf.o    romdata   0x00189e    program   0x000011
       .code__user_putc.o       code   0x0018b0    program   0x000002
           .code___init.o       code   0x0018b2    program   0x000002
          .idata_main.o_i    romdata   0x0018b4    program   0x000008
      .idata_LCD4BITS.o_i    romdata   0x0018bc    program   0x000020
                MATH_DATA      udata   0x000000       data   0x000014
                 .tmpdata      udata   0x000014       data   0x000007
                DELAYDAT2      udata   0x00001b       data   0x000001
                DELAYDAT1      udata   0x00001c       data   0x000001
            .udata_main.o      udata   0x000060       data   0x000020
        .idata_LCD4BITS.o      idata   0x000080       data   0x000020
           .udata_c018i.o      udata   0x0000a0       data   0x00000a
            .idata_main.o      idata   0x0000aa       data   0x000008
        .udata_LCD4BITS.o      udata   0x0000b2       data   0x000002
                   .stack      udata   0x000200       data   0x000100
            SFR_UNBANKED0      udata   0x000f60       data   0x0000a0



                              Program Memory Usage 
                               Start         End      
                           ---------   ---------      
                            0x000000    0x000005      
                            0x00002a    0x001492      
                            0x001494    0x00184e      
                            0x001850    0x0018ae      
                            0x0018b0    0x0018db      
            6325 out of 16664 program addresses used, program memory utilization is 37%



                              Symbols - Sorted by Name
                     Name    Address   Location    Storage File                     
                ---------  ---------  ---------  --------- ---------                
                   D10K_1   0x0017e6    program     static C:\MCC18\SRC\TRADIT~1\DELAYS\d10ktcyx.asm
                    D10Kl   0x0017f2    program     static C:\MCC18\SRC\TRADIT~1\DELAYS\d10ktcyx.asm
                    D10Kx   0x0017e4    program     static C:\MCC18\SRC\TRADIT~1\DELAYS\d10ktcyx.asm
                    D10_1   0x001898    program     static C:\MCC18\SRC\TRADIT~1\DELAYS\d10tcyx.asm
                     D10x   0x001890    program     static C:\MCC18\SRC\TRADIT~1\DELAYS\d10tcyx.asm
             Delay10KTCYx   0x0017da    program     extern C:\MCC18\SRC\TRADIT~1\DELAYS\d10ktcyx.asm
              Delay10TCYx   0x001888    program     extern C:\MCC18\SRC\TRADIT~1\DELAYS\d10tcyx.asm
                  ENCODER   0x001358    program     extern C:\second\main.c         
                 FXD3232U   0x001792    program     extern C:\MCC18\src\TRADIT~1\math\fxd3232u.c
                 FXM1616S   0x001738    program     extern C:\MCC18\SRC\TRADIT~1\MATH\fxm1616s.asm
                  FXM3232   0x001662    program     extern C:\MCC18\src\TRADIT~1\math\fxm3232.c
              LCD_printxy   0x0012b4    program     extern C:\second\LCD4BITS.c     
          LCD_printxy_rom   0x001304    program     extern C:\second\LCD4BITS.c     
              LCD_putchar   0x00126a    program     extern C:\second\LCD4BITS.c     
               TSIGN1616A   0x001784    program     static C:\MCC18\SRC\TRADIT~1\MATH\fxm1616s.asm
                   _2jEnd   0x001722    program     static C:\MCC18\SRC\TRADIT~1\STDCLIB\slenpgm.asm
       _D10KTCYXCODE_0010   0x0017ea    program     static C:\MCC18\SRC\TRADIT~1\DELAYS\d10ktcyx.asm
       _D10KTCYXCODE_001C   0x0017f6    program     static C:\MCC18\SRC\TRADIT~1\DELAYS\d10ktcyx.asm
        _D10TCYXCODE_000A   0x001892    program     static C:\MCC18\SRC\TRADIT~1\DELAYS\d10tcyx.asm
        _D10TCYXCODE_000C   0x001894    program     static C:\MCC18\SRC\TRADIT~1\DELAYS\d10tcyx.asm
        _D10TCYXCODE_000E   0x001896    program     static C:\MCC18\SRC\TRADIT~1\DELAYS\d10tcyx.asm
       ___return_lbl00000   0x0016d0    program     static                          
       ___return_lbl00000   0x000004    program     static                          
       ___return_lbl00000   0x0017d8    program     static                          
       ___return_lbl00001   0x00186a    program     static                          
       ___return_lbl00002   0x0015dc    program     static                          
                   __init   0x0018b2    program     extern C:\MCC18\src\TRADIT~1\stdclib\__init.c
                   __pa_0   0x000984    program     static C:\MCC18\src\TRADIT~1\stdclib\vfprintf.c
                   __pa_1   0x00098c    program     static C:\MCC18\src\TRADIT~1\stdclib\vfprintf.c
                  __pa_10   0x000a40    program     static C:\MCC18\src\TRADIT~1\stdclib\vfprintf.c
                  __pa_11   0x000a4e    program     static C:\MCC18\src\TRADIT~1\stdclib\vfprintf.c
                  __pa_12   0x000a64    program     static C:\MCC18\src\TRADIT~1\stdclib\vfprintf.c
                  __pa_13   0x000a7e    program     static C:\MCC18\src\TRADIT~1\stdclib\vfprintf.c
                  __pa_14   0x000a96    program     static C:\MCC18\src\TRADIT~1\stdclib\vfprintf.c
                  __pa_15   0x000aa6    program     static C:\MCC18\src\TRADIT~1\stdclib\vfprintf.c
                  __pa_16   0x000abc    program     static C:\MCC18\src\TRADIT~1\stdclib\vfprintf.c
                  __pa_17   0x000ace    program     static C:\MCC18\src\TRADIT~1\stdclib\vfprintf.c
                  __pa_18   0x000ae0    program     static C:\MCC18\src\TRADIT~1\stdclib\vfprintf.c
                  __pa_19   0x000aea    program     static C:\MCC18\src\TRADIT~1\stdclib\vfprintf.c
                   __pa_2   0x000996    program     static C:\MCC18\src\TRADIT~1\stdclib\vfprintf.c
                  __pa_20   0x000afa    program     static C:\MCC18\src\TRADIT~1\stdclib\vfprintf.c
                  __pa_21   0x000b0a    program     static C:\MCC18\src\TRADIT~1\stdclib\vfprintf.c
                  __pa_22   0x000b1a    program     static C:\MCC18\src\TRADIT~1\stdclib\vfprintf.c
                  __pa_23   0x000b26    program     static C:\MCC18\src\TRADIT~1\stdclib\vfprintf.c
                  __pa_24   0x000b34    program     static C:\MCC18\src\TRADIT~1\stdclib\vfprintf.c
                  __pa_25   0x000b3c    program     static C:\MCC18\src\TRADIT~1\stdclib\vfprintf.c
                  __pa_26   0x000b46    program     static C:\MCC18\src\TRADIT~1\stdclib\vfprintf.c
                  __pa_27   0x000b50    program     static C:\MCC18\src\TRADIT~1\stdclib\vfprintf.c
                  __pa_28   0x000b58    program     static C:\MCC18\src\TRADIT~1\stdclib\vfprintf.c
                  __pa_29   0x000b66    program     static C:\MCC18\src\TRADIT~1\stdclib\vfprintf.c
                   __pa_3   0x0009a0    program     static C:\MCC18\src\TRADIT~1\stdclib\vfprintf.c
                  __pa_30   0x000b82    program     static C:\MCC18\src\TRADIT~1\stdclib\vfprintf.c
                  __pa_31   0x000b9c    program     static C:\MCC18\src\TRADIT~1\stdclib\vfprintf.c
                  __pa_32   0x000bb6    program     static C:\MCC18\src\TRADIT~1\stdclib\vfprintf.c
                  __pa_33   0x000bce    program     static C:\MCC18\src\TRADIT~1\stdclib\vfprintf.c
                  __pa_34   0x000bd8    program     static C:\MCC18\src\TRADIT~1\stdclib\vfprintf.c
                  __pa_35   0x000be6    program     static C:\MCC18\src\TRADIT~1\stdclib\vfprintf.c
                  __pa_36   0x000bee    program     static C:\MCC18\src\TRADIT~1\stdclib\vfprintf.c
                  __pa_37   0x000bf8    program     static C:\MCC18\src\TRADIT~1\stdclib\vfprintf.c
                  __pa_38   0x000c08    program     static C:\MCC18\src\TRADIT~1\stdclib\vfprintf.c
                  __pa_39   0x000c16    program     static C:\MCC18\src\TRADIT~1\stdclib\vfprintf.c
                   __pa_4   0x0009b8    program     static C:\MCC18\src\TRADIT~1\stdclib\vfprintf.c
                  __pa_40   0x000c22    program     static C:\MCC18\src\TRADIT~1\stdclib\vfprintf.c
                  __pa_41   0x000c2e    program     static C:\MCC18\src\TRADIT~1\stdclib\vfprintf.c
                  __pa_42   0x000c36    program     static C:\MCC18\src\TRADIT~1\stdclib\vfprintf.c
                  __pa_43   0x000c40    program     static C:\MCC18\src\TRADIT~1\stdclib\vfprintf.c
                  __pa_44   0x000c46    program     static C:\MCC18\src\TRADIT~1\stdclib\vfprintf.c
                  __pa_45   0x000c50    program     static C:\MCC18\src\TRADIT~1\stdclib\vfprintf.c
                  __pa_46   0x000c5c    program     static C:\MCC18\src\TRADIT~1\stdclib\vfprintf.c
                   __pa_5   0x0009cc    program     static C:\MCC18\src\TRADIT~1\stdclib\vfprintf.c
                   __pa_6   0x0009e8    program     static C:\MCC18\src\TRADIT~1\stdclib\vfprintf.c
                   __pa_7   0x0009f2    program     static C:\MCC18\src\TRADIT~1\stdclib\vfprintf.c
                   __pa_8   0x0009fe    program     static C:\MCC18\src\TRADIT~1\stdclib\vfprintf.c
                   __pa_9   0x000a20    program     static C:\MCC18\src\TRADIT~1\stdclib\vfprintf.c
              __string_15   0x001845    program     static C:\second\main.c         
              __string_16   0x00182c    program     static C:\second\main.c         
              __tmplbl_42   0x000b1a    program     static                          
              __tmplbl_43   0x000962    program     static                          
              __tmplbl_44   0x000948    program     static                          
              __tmplbl_85   0x00009a    program     static                          
                _do_cinit   0x001540    program     extern C:\MCC18\src\traditional\startup\c018i.c
                   _entry   0x000000    program     extern C:\MCC18\src\traditional\startup\c018i.c
                   _false   0x0017d4    program     static                          
                 _startup   0x001850    program     extern C:\MCC18\src\traditional\startup\c018i.c
              _usart_putc   0x00186c    program     extern C:\MCC18\SRC\TRADIT~1\PMC\USART\_usartpc.asm
               _user_putc   0x0018b0    program     extern C:\MCC18\src\TRADIT~1\stdclib\_user_putc.c
                   clrscr   0x001242    program     extern C:\second\LCD4BITS.c     
              control_LCD   0x001154    program     extern C:\second\LCD4BITS.c     
                copy_loop   0x0015b2    program     static                          
            copy_one_byte   0x0015b8    program     static                          
                    delay   0x00104a    program     extern C:\second\LCD4BITS.c     
                     done   0x0015dc    program     static                          
             done_copying   0x0015c6    program     static                          
                   gotoxy   0x0011b2    program     extern C:\second\LCD4BITS.c     
                 init_LCD   0x001064    program     extern C:\second\LCD4BITS.c     
                  isdigit   0x001808    program     extern C:\MCC18\SRC\TRADIT~1\STDCLIB\isdigit.asm
                     jEnd   0x0016ec    program     static C:\MCC18\SRC\TRADIT~1\STDCLIB\strlen.asm
                     jEnd   0x001724    program     static C:\MCC18\SRC\TRADIT~1\STDCLIB\slenpgm.asm
                    jLoop   0x0016e2    program     static C:\MCC18\SRC\TRADIT~1\STDCLIB\strlen.asm
                    jLoop   0x00170c    program     static C:\MCC18\SRC\TRADIT~1\STDCLIB\slenpgm.asm
                   jMatch   0x001828    program     static C:\MCC18\SRC\TRADIT~1\STDCLIB\isdigit.asm
                 jNoMatch   0x00182a    program     static C:\MCC18\SRC\TRADIT~1\STDCLIB\isdigit.asm
                     loop   0x0017a0    program     static                          
                     loop   0x001860    program     static                          
                     loop   0x00187c    program     static C:\MCC18\SRC\TRADIT~1\PMC\USART\_usartpc.asm
                     main   0x000c66    program     extern C:\second\main.c         
                     putc   0x0015de    program     extern C:\MCC18\src\TRADIT~1\stdclib\putc.c
                 s_digits   0x00189e    program     static C:\MCC18\src\TRADIT~1\stdclib\vfprintf.c
            s_put_n_chars   0x000044    program     static C:\MCC18\src\TRADIT~1\stdclib\vfprintf.c
                  sprintf   0x001494    program     extern C:\MCC18\src\TRADIT~1\stdclib\sprintf.c
                   strlen   0x0016d2    program     extern C:\MCC18\SRC\TRADIT~1\STDCLIB\strlen.asm
                strlenpgm   0x0016ee    program     extern C:\MCC18\SRC\TRADIT~1\STDCLIB\slenpgm.asm
                     test   0x00155a    program     static                          
                 vfprintf   0x000070    program     extern C:\MCC18\src\TRADIT~1\stdclib\vfprintf.c
                    ADCHS   0x000f99       data     extern C:\MCC18\SRC\TRADIT~1\PROC\p18f4431.asm
                ADCHSbits   0x000f99       data     extern C:\MCC18\SRC\TRADIT~1\PROC\p18f4431.asm
                   ADCON0   0x000fc2       data     extern C:\MCC18\SRC\TRADIT~1\PROC\p18f4431.asm
               ADCON0bits   0x000fc2       data     extern C:\MCC18\SRC\TRADIT~1\PROC\p18f4431.asm
                   ADCON1   0x000fc1       data     extern C:\MCC18\SRC\TRADIT~1\PROC\p18f4431.asm
               ADCON1bits   0x000fc1       data     extern C:\MCC18\SRC\TRADIT~1\PROC\p18f4431.asm
                   ADCON2   0x000fc0       data     extern C:\MCC18\SRC\TRADIT~1\PROC\p18f4431.asm
               ADCON2bits   0x000fc0       data     extern C:\MCC18\SRC\TRADIT~1\PROC\p18f4431.asm
                   ADCON3   0x000f9a       data     extern C:\MCC18\SRC\TRADIT~1\PROC\p18f4431.asm
               ADCON3bits   0x000f9a       data     extern C:\MCC18\SRC\TRADIT~1\PROC\p18f4431.asm
                    ADRES   0x000fc3       data     extern C:\MCC18\SRC\TRADIT~1\PROC\p18f4431.asm
                   ADRESH   0x000fc4       data     extern C:\MCC18\SRC\TRADIT~1\PROC\p18f4431.asm
                   ADRESL   0x000fc3       data     extern C:\MCC18\SRC\TRADIT~1\PROC\p18f4431.asm
                   ANSEL0   0x000fb8       data     extern C:\MCC18\SRC\TRADIT~1\PROC\p18f4431.asm
               ANSEL0bits   0x000fb8       data     extern C:\MCC18\SRC\TRADIT~1\PROC\p18f4431.asm
                   ANSEL1   0x000fb9       data     extern C:\MCC18\SRC\TRADIT~1\PROC\p18f4431.asm
               ANSEL1bits   0x000fb9       data     extern C:\MCC18\SRC\TRADIT~1\PROC\p18f4431.asm
                  BAUDCON   0x000faa       data     extern C:\MCC18\SRC\TRADIT~1\PROC\p18f4431.asm
              BAUDCONbits   0x000faa       data     extern C:\MCC18\SRC\TRADIT~1\PROC\p18f4431.asm
                  BAUDCTL   0x000faa       data     extern C:\MCC18\SRC\TRADIT~1\PROC\p18f4431.asm
              BAUDCTLbits   0x000faa       data     extern C:\MCC18\SRC\TRADIT~1\PROC\p18f4431.asm
                      BSR   0x000fe0       data     extern C:\MCC18\SRC\TRADIT~1\PROC\p18f4431.asm
                 CAP1BUFH   0x000f69       data     extern C:\MCC18\SRC\TRADIT~1\PROC\p18f4431.asm
                 CAP1BUFL   0x000f68       data     extern C:\MCC18\SRC\TRADIT~1\PROC\p18f4431.asm
                  CAP1CON   0x000f63       data     extern C:\MCC18\SRC\TRADIT~1\PROC\p18f4431.asm
              CAP1CONbits   0x000f63       data     extern C:\MCC18\SRC\TRADIT~1\PROC\p18f4431.asm
                 CAP2BUFH   0x000f67       data     extern C:\MCC18\SRC\TRADIT~1\PROC\p18f4431.asm
                 CAP2BUFL   0x000f66       data     extern C:\MCC18\SRC\TRADIT~1\PROC\p18f4431.asm
                  CAP2CON   0x000f62       data     extern C:\MCC18\SRC\TRADIT~1\PROC\p18f4431.asm
              CAP2CONbits   0x000f62       data     extern C:\MCC18\SRC\TRADIT~1\PROC\p18f4431.asm
                 CAP3BUFH   0x000f65       data     extern C:\MCC18\SRC\TRADIT~1\PROC\p18f4431.asm
                 CAP3BUFL   0x000f64       data     extern C:\MCC18\SRC\TRADIT~1\PROC\p18f4431.asm
                  CAP3CON   0x000f61       data     extern C:\MCC18\SRC\TRADIT~1\PROC\p18f4431.asm
              CAP3CONbits   0x000f61       data     extern C:\MCC18\SRC\TRADIT~1\PROC\p18f4431.asm
                  CCP1CON   0x000fbd       data     extern C:\MCC18\SRC\TRADIT~1\PROC\p18f4431.asm
              CCP1CONbits   0x000fbd       data     extern C:\MCC18\SRC\TRADIT~1\PROC\p18f4431.asm
                  CCP2CON   0x000fba       data     extern C:\MCC18\SRC\TRADIT~1\PROC\p18f4431.asm
              CCP2CONbits   0x000fba       data     extern C:\MCC18\SRC\TRADIT~1\PROC\p18f4431.asm
                    CCPR1   0x000fbe       data     extern C:\MCC18\SRC\TRADIT~1\PROC\p18f4431.asm
                   CCPR1H   0x000fbf       data     extern C:\MCC18\SRC\TRADIT~1\PROC\p18f4431.asm
                   CCPR1L   0x000fbe       data     extern C:\MCC18\SRC\TRADIT~1\PROC\p18f4431.asm
                    CCPR2   0x000fbb       data     extern C:\MCC18\SRC\TRADIT~1\PROC\p18f4431.asm
                   CCPR2H   0x000fbc       data     extern C:\MCC18\SRC\TRADIT~1\PROC\p18f4431.asm
                   CCPR2L   0x000fbb       data     extern C:\MCC18\SRC\TRADIT~1\PROC\p18f4431.asm
                     DDRA   0x000f92       data     extern C:\MCC18\SRC\TRADIT~1\PROC\p18f4431.asm
                 DDRAbits   0x000f92       data     extern C:\MCC18\SRC\TRADIT~1\PROC\p18f4431.asm
                     DDRB   0x000f93       data     extern C:\MCC18\SRC\TRADIT~1\PROC\p18f4431.asm
                 DDRBbits   0x000f93       data     extern C:\MCC18\SRC\TRADIT~1\PROC\p18f4431.asm
                     DDRC   0x000f94       data     extern C:\MCC18\SRC\TRADIT~1\PROC\p18f4431.asm
                 DDRCbits   0x000f94       data     extern C:\MCC18\SRC\TRADIT~1\PROC\p18f4431.asm
                     DDRD   0x000f95       data     extern C:\MCC18\SRC\TRADIT~1\PROC\p18f4431.asm
                 DDRDbits   0x000f95       data     extern C:\MCC18\SRC\TRADIT~1\PROC\p18f4431.asm
                     DDRE   0x000f96       data     extern C:\MCC18\SRC\TRADIT~1\PROC\p18f4431.asm
                 DDREbits   0x000f96       data     extern C:\MCC18\SRC\TRADIT~1\PROC\p18f4431.asm
                    DELAY   0x0000b2       data     extern C:\second\LCD4BITS.c     
                  DFLTCON   0x000f60       data     extern C:\MCC18\SRC\TRADIT~1\PROC\p18f4431.asm
              DFLTCONbits   0x000f60       data     extern C:\MCC18\SRC\TRADIT~1\PROC\p18f4431.asm
                    DTCON   0x000f6d       data     extern C:\MCC18\SRC\TRADIT~1\PROC\p18f4431.asm
                DTCONbits   0x000f6d       data     extern C:\MCC18\SRC\TRADIT~1\PROC\p18f4431.asm
            DelayCounter1   0x00001c       data     extern C:\MCC18\SRC\TRADIT~1\DELAYS\delayd1.asm
            DelayCounter2   0x00001b       data     extern C:\MCC18\SRC\TRADIT~1\DELAYS\delayd2.asm
                    EEADR   0x000fa9       data     extern C:\MCC18\SRC\TRADIT~1\PROC\p18f4431.asm
                   EECON1   0x000fa6       data     extern C:\MCC18\SRC\TRADIT~1\PROC\p18f4431.asm
               EECON1bits   0x000fa6       data     extern C:\MCC18\SRC\TRADIT~1\PROC\p18f4431.asm
                   EECON2   0x000fa7       data     extern C:\MCC18\SRC\TRADIT~1\PROC\p18f4431.asm
                   EEDATA   0x000fa8       data     extern C:\MCC18\SRC\TRADIT~1\PROC\p18f4431.asm
                FLTCONFIG   0x000f6c       data     extern C:\MCC18\SRC\TRADIT~1\PROC\p18f4431.asm
            FLTCONFIGbits   0x000f6c       data     extern C:\MCC18\SRC\TRADIT~1\PROC\p18f4431.asm
                     FSR0   0x000fe9       data     extern C:\MCC18\SRC\TRADIT~1\PROC\p18f4431.asm
                    FSR0H   0x000fea       data     extern C:\MCC18\SRC\TRADIT~1\PROC\p18f4431.asm
                    FSR0L   0x000fe9       data     extern C:\MCC18\SRC\TRADIT~1\PROC\p18f4431.asm
                     FSR1   0x000fe1       data     extern C:\MCC18\SRC\TRADIT~1\PROC\p18f4431.asm
                    FSR1H   0x000fe2       data     extern C:\MCC18\SRC\TRADIT~1\PROC\p18f4431.asm
                    FSR1L   0x000fe1       data     extern C:\MCC18\SRC\TRADIT~1\PROC\p18f4431.asm
                     FSR2   0x000fd9       data     extern C:\MCC18\SRC\TRADIT~1\PROC\p18f4431.asm
                    FSR2H   0x000fda       data     extern C:\MCC18\SRC\TRADIT~1\PROC\p18f4431.asm
                    FSR2L   0x000fd9       data     extern C:\MCC18\SRC\TRADIT~1\PROC\p18f4431.asm
                    INDF0   0x000fef       data     extern C:\MCC18\SRC\TRADIT~1\PROC\p18f4431.asm
                    INDF1   0x000fe7       data     extern C:\MCC18\SRC\TRADIT~1\PROC\p18f4431.asm
                    INDF2   0x000fdf       data     extern C:\MCC18\SRC\TRADIT~1\PROC\p18f4431.asm
                   INTCON   0x000ff2       data     extern C:\MCC18\SRC\TRADIT~1\PROC\p18f4431.asm
                  INTCON2   0x000ff1       data     extern C:\MCC18\SRC\TRADIT~1\PROC\p18f4431.asm
              INTCON2bits   0x000ff1       data     extern C:\MCC18\SRC\TRADIT~1\PROC\p18f4431.asm
                  INTCON3   0x000ff0       data     extern C:\MCC18\SRC\TRADIT~1\PROC\p18f4431.asm
              INTCON3bits   0x000ff0       data     extern C:\MCC18\SRC\TRADIT~1\PROC\p18f4431.asm
               INTCONbits   0x000ff2       data     extern C:\MCC18\SRC\TRADIT~1\PROC\p18f4431.asm
                     IPR1   0x000f9f       data     extern C:\MCC18\SRC\TRADIT~1\PROC\p18f4431.asm
                 IPR1bits   0x000f9f       data     extern C:\MCC18\SRC\TRADIT~1\PROC\p18f4431.asm
                     IPR2   0x000fa2       data     extern C:\MCC18\SRC\TRADIT~1\PROC\p18f4431.asm
                 IPR2bits   0x000fa2       data     extern C:\MCC18\SRC\TRADIT~1\PROC\p18f4431.asm
                     IPR3   0x000fa5       data     extern C:\MCC18\SRC\TRADIT~1\PROC\p18f4431.asm
                 IPR3bits   0x000fa5       data     extern C:\MCC18\SRC\TRADIT~1\PROC\p18f4431.asm
                     LATA   0x000f89       data     extern C:\MCC18\SRC\TRADIT~1\PROC\p18f4431.asm
                 LATAbits   0x000f89       data     extern C:\MCC18\SRC\TRADIT~1\PROC\p18f4431.asm
                     LATB   0x000f8a       data     extern C:\MCC18\SRC\TRADIT~1\PROC\p18f4431.asm
                 LATBbits   0x000f8a       data     extern C:\MCC18\SRC\TRADIT~1\PROC\p18f4431.asm
                     LATC   0x000f8b       data     extern C:\MCC18\SRC\TRADIT~1\PROC\p18f4431.asm
                 LATCbits   0x000f8b       data     extern C:\MCC18\SRC\TRADIT~1\PROC\p18f4431.asm
                     LATD   0x000f8c       data     extern C:\MCC18\SRC\TRADIT~1\PROC\p18f4431.asm
                 LATDbits   0x000f8c       data     extern C:\MCC18\SRC\TRADIT~1\PROC\p18f4431.asm
                     LATE   0x000f8d       data     extern C:\MCC18\SRC\TRADIT~1\PROC\p18f4431.asm
                 LATEbits   0x000f8d       data     extern C:\MCC18\SRC\TRADIT~1\PROC\p18f4431.asm
                 LOCATION   0x000080       data     static C:\second\LCD4BITS.c     
                   LVDCON   0x000fd2       data     extern C:\MCC18\SRC\TRADIT~1\PROC\p18f4431.asm
               LVDCONbits   0x000fd2       data     extern C:\MCC18\SRC\TRADIT~1\PROC\p18f4431.asm
                  MAXCNTH   0x000f65       data     extern C:\MCC18\SRC\TRADIT~1\PROC\p18f4431.asm
                  MAXCNTL   0x000f64       data     extern C:\MCC18\SRC\TRADIT~1\PROC\p18f4431.asm
                   OSCCON   0x000fd3       data     extern C:\MCC18\SRC\TRADIT~1\PROC\p18f4431.asm
               OSCCONbits   0x000fd3       data     extern C:\MCC18\SRC\TRADIT~1\PROC\p18f4431.asm
                  OSCTUNE   0x000f9b       data     extern C:\MCC18\SRC\TRADIT~1\PROC\p18f4431.asm
              OSCTUNEbits   0x000f9b       data     extern C:\MCC18\SRC\TRADIT~1\PROC\p18f4431.asm
                  OVDCOND   0x000f6b       data     extern C:\MCC18\SRC\TRADIT~1\PROC\p18f4431.asm
              OVDCONDbits   0x000f6b       data     extern C:\MCC18\SRC\TRADIT~1\PROC\p18f4431.asm
                  OVDCONS   0x000f6a       data     extern C:\MCC18\SRC\TRADIT~1\PROC\p18f4431.asm
              OVDCONSbits   0x000f6a       data     extern C:\MCC18\SRC\TRADIT~1\PROC\p18f4431.asm
                       PC   0x000ff9       data     extern C:\MCC18\SRC\TRADIT~1\PROC\p18f4431.asm
                      PCL   0x000ff9       data     extern C:\MCC18\SRC\TRADIT~1\PROC\p18f4431.asm
                   PCLATH   0x000ffa       data     extern C:\MCC18\SRC\TRADIT~1\PROC\p18f4431.asm
                   PCLATU   0x000ffb       data     extern C:\MCC18\SRC\TRADIT~1\PROC\p18f4431.asm
                    PDC0H   0x000f78       data     extern C:\MCC18\SRC\TRADIT~1\PROC\p18f4431.asm
                    PDC0L   0x000f79       data     extern C:\MCC18\SRC\TRADIT~1\PROC\p18f4431.asm
                    PDC1H   0x000f76       data     extern C:\MCC18\SRC\TRADIT~1\PROC\p18f4431.asm
                    PDC1L   0x000f77       data     extern C:\MCC18\SRC\TRADIT~1\PROC\p18f4431.asm
                    PDC2H   0x000f74       data     extern C:\MCC18\SRC\TRADIT~1\PROC\p18f4431.asm
                    PDC2L   0x000f75       data     extern C:\MCC18\SRC\TRADIT~1\PROC\p18f4431.asm
                    PDC3H   0x000f72       data     extern C:\MCC18\SRC\TRADIT~1\PROC\p18f4431.asm
                    PDC3L   0x000f73       data     extern C:\MCC18\SRC\TRADIT~1\PROC\p18f4431.asm
                     PIE1   0x000f9d       data     extern C:\MCC18\SRC\TRADIT~1\PROC\p18f4431.asm
                 PIE1bits   0x000f9d       data     extern C:\MCC18\SRC\TRADIT~1\PROC\p18f4431.asm
                     PIE2   0x000fa0       data     extern C:\MCC18\SRC\TRADIT~1\PROC\p18f4431.asm
                 PIE2bits   0x000fa0       data     extern C:\MCC18\SRC\TRADIT~1\PROC\p18f4431.asm
                     PIE3   0x000fa3       data     extern C:\MCC18\SRC\TRADIT~1\PROC\p18f4431.asm
                 PIE3bits   0x000fa3       data     extern C:\MCC18\SRC\TRADIT~1\PROC\p18f4431.asm
                     PIR1   0x000f9e       data     extern C:\MCC18\SRC\TRADIT~1\PROC\p18f4431.asm
                 PIR1bits   0x000f9e       data     extern C:\MCC18\SRC\TRADIT~1\PROC\p18f4431.asm
                     PIR2   0x000fa1       data     extern C:\MCC18\SRC\TRADIT~1\PROC\p18f4431.asm
                 PIR2bits   0x000fa1       data     extern C:\MCC18\SRC\TRADIT~1\PROC\p18f4431.asm
                     PIR3   0x000fa4       data     extern C:\MCC18\SRC\TRADIT~1\PROC\p18f4431.asm
                 PIR3bits   0x000fa4       data     extern C:\MCC18\SRC\TRADIT~1\PROC\p18f4431.asm
                   PLUSW0   0x000feb       data     extern C:\MCC18\SRC\TRADIT~1\PROC\p18f4431.asm
                   PLUSW1   0x000fe3       data     extern C:\MCC18\SRC\TRADIT~1\PROC\p18f4431.asm
                   PLUSW2   0x000fdb       data     extern C:\MCC18\SRC\TRADIT~1\PROC\p18f4431.asm
                    PORTA   0x000f80       data     extern C:\MCC18\SRC\TRADIT~1\PROC\p18f4431.asm
                PORTAbits   0x000f80       data     extern C:\MCC18\SRC\TRADIT~1\PROC\p18f4431.asm
                    PORTB   0x000f81       data     extern C:\MCC18\SRC\TRADIT~1\PROC\p18f4431.asm
                PORTBbits   0x000f81       data     extern C:\MCC18\SRC\TRADIT~1\PROC\p18f4431.asm
                    PORTC   0x000f82       data     extern C:\MCC18\SRC\TRADIT~1\PROC\p18f4431.asm
                PORTCbits   0x000f82       data     extern C:\MCC18\SRC\TRADIT~1\PROC\p18f4431.asm
                    PORTD   0x000f83       data     extern C:\MCC18\SRC\TRADIT~1\PROC\p18f4431.asm
                PORTDbits   0x000f83       data     extern C:\MCC18\SRC\TRADIT~1\PROC\p18f4431.asm
                    PORTE   0x000f84       data     extern C:\MCC18\SRC\TRADIT~1\PROC\p18f4431.asm
                PORTEbits   0x000f84       data     extern C:\MCC18\SRC\TRADIT~1\PROC\p18f4431.asm
                  POSCNTH   0x000f67       data     extern C:\MCC18\SRC\TRADIT~1\PROC\p18f4431.asm
                  POSCNTL   0x000f66       data     extern C:\MCC18\SRC\TRADIT~1\PROC\p18f4431.asm
                 POSTDEC0   0x000fed       data     extern C:\MCC18\SRC\TRADIT~1\PROC\p18f4431.asm
                 POSTDEC1   0x000fe5       data     extern C:\MCC18\SRC\TRADIT~1\PROC\p18f4431.asm
                 POSTDEC2   0x000fdd       data     extern C:\MCC18\SRC\TRADIT~1\PROC\p18f4431.asm
                 POSTINC0   0x000fee       data     extern C:\MCC18\SRC\TRADIT~1\PROC\p18f4431.asm
                 POSTINC1   0x000fe6       data     extern C:\MCC18\SRC\TRADIT~1\PROC\p18f4431.asm
                 POSTINC2   0x000fde       data     extern C:\MCC18\SRC\TRADIT~1\PROC\p18f4431.asm
                      PR2   0x000fcb       data     extern C:\MCC18\SRC\TRADIT~1\PROC\p18f4431.asm
                     PR5H   0x000f91       data     extern C:\MCC18\SRC\TRADIT~1\PROC\p18f4431.asm
                     PR5L   0x000f90       data     extern C:\MCC18\SRC\TRADIT~1\PROC\p18f4431.asm
                  PREINC0   0x000fec       data     extern C:\MCC18\SRC\TRADIT~1\PROC\p18f4431.asm
                  PREINC1   0x000fe4       data     extern C:\MCC18\SRC\TRADIT~1\PROC\p18f4431.asm
                  PREINC2   0x000fdc       data     extern C:\MCC18\SRC\TRADIT~1\PROC\p18f4431.asm
                     PROD   0x000ff3       data     extern C:\MCC18\SRC\TRADIT~1\PROC\p18f4431.asm
                    PRODH   0x000ff4       data     extern C:\MCC18\SRC\TRADIT~1\PROC\p18f4431.asm
                    PRODL   0x000ff3       data     extern C:\MCC18\SRC\TRADIT~1\PROC\p18f4431.asm
                   PTCON0   0x000f7f       data     extern C:\MCC18\SRC\TRADIT~1\PROC\p18f4431.asm
               PTCON0bits   0x000f7f       data     extern C:\MCC18\SRC\TRADIT~1\PROC\p18f4431.asm
                   PTCON1   0x000f7e       data     extern C:\MCC18\SRC\TRADIT~1\PROC\p18f4431.asm
               PTCON1bits   0x000f7e       data     extern C:\MCC18\SRC\TRADIT~1\PROC\p18f4431.asm
                    PTMRH   0x000f7c       data     extern C:\MCC18\SRC\TRADIT~1\PROC\p18f4431.asm
                    PTMRL   0x000f7d       data     extern C:\MCC18\SRC\TRADIT~1\PROC\p18f4431.asm
                   PTPERH   0x000f7a       data     extern C:\MCC18\SRC\TRADIT~1\PROC\p18f4431.asm
                   PTPERL   0x000f7b       data     extern C:\MCC18\SRC\TRADIT~1\PROC\p18f4431.asm
                  PWMCON0   0x000f6f       data     extern C:\MCC18\SRC\TRADIT~1\PROC\p18f4431.asm
              PWMCON0bits   0x000f6f       data     extern C:\MCC18\SRC\TRADIT~1\PROC\p18f4431.asm
                  PWMCON1   0x000f6e       data     extern C:\MCC18\SRC\TRADIT~1\PROC\p18f4431.asm
              PWMCON1bits   0x000f6e       data     extern C:\MCC18\SRC\TRADIT~1\PROC\p18f4431.asm
                   QEICON   0x000fb6       data     extern C:\MCC18\SRC\TRADIT~1\PROC\p18f4431.asm
               QEICONbits   0x000fb6       data     extern C:\MCC18\SRC\TRADIT~1\PROC\p18f4431.asm
                     RCON   0x000fd0       data     extern C:\MCC18\SRC\TRADIT~1\PROC\p18f4431.asm
                 RCONbits   0x000fd0       data     extern C:\MCC18\SRC\TRADIT~1\PROC\p18f4431.asm
                    RCREG   0x000fae       data     extern C:\MCC18\SRC\TRADIT~1\PROC\p18f4431.asm
                    RCSTA   0x000fab       data     extern C:\MCC18\SRC\TRADIT~1\PROC\p18f4431.asm
                RCSTAbits   0x000fab       data     extern C:\MCC18\SRC\TRADIT~1\PROC\p18f4431.asm
                 SEVTCMPH   0x000f70       data     extern C:\MCC18\SRC\TRADIT~1\PROC\p18f4431.asm
                 SEVTCMPL   0x000f71       data     extern C:\MCC18\SRC\TRADIT~1\PROC\p18f4431.asm
                     SIGN   0x000000       data     extern C:\MCC18\SRC\TRADIT~1\MATH\cmath18.asm
                    SPBRG   0x000faf       data     extern C:\MCC18\SRC\TRADIT~1\PROC\p18f4431.asm
                   SPBRGH   0x000fb0       data     extern C:\MCC18\SRC\TRADIT~1\PROC\p18f4431.asm
                   SSPADD   0x000fc8       data     extern C:\MCC18\SRC\TRADIT~1\PROC\p18f4431.asm
                   SSPBUF   0x000fc9       data     extern C:\MCC18\SRC\TRADIT~1\PROC\p18f4431.asm
                   SSPCON   0x000fc6       data     extern C:\MCC18\SRC\TRADIT~1\PROC\p18f4431.asm
               SSPCONbits   0x000fc6       data     extern C:\MCC18\SRC\TRADIT~1\PROC\p18f4431.asm
                  SSPSTAT   0x000fc7       data     extern C:\MCC18\SRC\TRADIT~1\PROC\p18f4431.asm
              SSPSTATbits   0x000fc7       data     extern C:\MCC18\SRC\TRADIT~1\PROC\p18f4431.asm
                   STATUS   0x000fd8       data     extern C:\MCC18\SRC\TRADIT~1\PROC\p18f4431.asm
               STATUSbits   0x000fd8       data     extern C:\MCC18\SRC\TRADIT~1\PROC\p18f4431.asm
                   STKPTR   0x000ffc       data     extern C:\MCC18\SRC\TRADIT~1\PROC\p18f4431.asm
               STKPTRbits   0x000ffc       data     extern C:\MCC18\SRC\TRADIT~1\PROC\p18f4431.asm
                    T0CON   0x000fd5       data     extern C:\MCC18\SRC\TRADIT~1\PROC\p18f4431.asm
                T0CONbits   0x000fd5       data     extern C:\MCC18\SRC\TRADIT~1\PROC\p18f4431.asm
                    T1CON   0x000fcd       data     extern C:\MCC18\SRC\TRADIT~1\PROC\p18f4431.asm
                T1CONbits   0x000fcd       data     extern C:\MCC18\SRC\TRADIT~1\PROC\p18f4431.asm
                    T2CON   0x000fca       data     extern C:\MCC18\SRC\TRADIT~1\PROC\p18f4431.asm
                T2CONbits   0x000fca       data     extern C:\MCC18\SRC\TRADIT~1\PROC\p18f4431.asm
                    T5CON   0x000fb7       data     extern C:\MCC18\SRC\TRADIT~1\PROC\p18f4431.asm
                T5CONbits   0x000fb7       data     extern C:\MCC18\SRC\TRADIT~1\PROC\p18f4431.asm
                   TABLAT   0x000ff5       data     extern C:\MCC18\SRC\TRADIT~1\PROC\p18f4431.asm
                   TBLPTR   0x000ff6       data     extern C:\MCC18\SRC\TRADIT~1\PROC\p18f4431.asm
                  TBLPTRH   0x000ff7       data     extern C:\MCC18\SRC\TRADIT~1\PROC\p18f4431.asm
                  TBLPTRL   0x000ff6       data     extern C:\MCC18\SRC\TRADIT~1\PROC\p18f4431.asm
                  TBLPTRU   0x000ff8       data     extern C:\MCC18\SRC\TRADIT~1\PROC\p18f4431.asm
                    TMR0H   0x000fd7       data     extern C:\MCC18\SRC\TRADIT~1\PROC\p18f4431.asm
                    TMR0L   0x000fd6       data     extern C:\MCC18\SRC\TRADIT~1\PROC\p18f4431.asm
                    TMR1H   0x000fcf       data     extern C:\MCC18\SRC\TRADIT~1\PROC\p18f4431.asm
                    TMR1L   0x000fce       data     extern C:\MCC18\SRC\TRADIT~1\PROC\p18f4431.asm
                     TMR2   0x000fcc       data     extern C:\MCC18\SRC\TRADIT~1\PROC\p18f4431.asm
                    TMR5H   0x000f88       data     extern C:\MCC18\SRC\TRADIT~1\PROC\p18f4431.asm
                    TMR5L   0x000f87       data     extern C:\MCC18\SRC\TRADIT~1\PROC\p18f4431.asm
                      TOS   0x000ffd       data     extern C:\MCC18\SRC\TRADIT~1\PROC\p18f4431.asm
                     TOSH   0x000ffe       data     extern C:\MCC18\SRC\TRADIT~1\PROC\p18f4431.asm
                     TOSL   0x000ffd       data     extern C:\MCC18\SRC\TRADIT~1\PROC\p18f4431.asm
                     TOSU   0x000fff       data     extern C:\MCC18\SRC\TRADIT~1\PROC\p18f4431.asm
                    TRISA   0x000f92       data     extern C:\MCC18\SRC\TRADIT~1\PROC\p18f4431.asm
                TRISAbits   0x000f92       data     extern C:\MCC18\SRC\TRADIT~1\PROC\p18f4431.asm
                    TRISB   0x000f93       data     extern C:\MCC18\SRC\TRADIT~1\PROC\p18f4431.asm
                TRISBbits   0x000f93       data     extern C:\MCC18\SRC\TRADIT~1\PROC\p18f4431.asm
                    TRISC   0x000f94       data     extern C:\MCC18\SRC\TRADIT~1\PROC\p18f4431.asm
                TRISCbits   0x000f94       data     extern C:\MCC18\SRC\TRADIT~1\PROC\p18f4431.asm
                    TRISD   0x000f95       data     extern C:\MCC18\SRC\TRADIT~1\PROC\p18f4431.asm
                TRISDbits   0x000f95       data     extern C:\MCC18\SRC\TRADIT~1\PROC\p18f4431.asm
                    TRISE   0x000f96       data     extern C:\MCC18\SRC\TRADIT~1\PROC\p18f4431.asm
                TRISEbits   0x000f96       data     extern C:\MCC18\SRC\TRADIT~1\PROC\p18f4431.asm
                    TXREG   0x000fad       data     extern C:\MCC18\SRC\TRADIT~1\PROC\p18f4431.asm
                    TXSTA   0x000fac       data     extern C:\MCC18\SRC\TRADIT~1\PROC\p18f4431.asm
                TXSTAbits   0x000fac       data     extern C:\MCC18\SRC\TRADIT~1\PROC\p18f4431.asm
                    VELRH   0x000f69       data     extern C:\MCC18\SRC\TRADIT~1\PROC\p18f4431.asm
                    VELRL   0x000f68       data     extern C:\MCC18\SRC\TRADIT~1\PROC\p18f4431.asm
                   WDTCON   0x000fd1       data     extern C:\MCC18\SRC\TRADIT~1\PROC\p18f4431.asm
               WDTCONbits   0x000fd1       data     extern C:\MCC18\SRC\TRADIT~1\PROC\p18f4431.asm
                     WREG   0x000fe8       data     extern C:\MCC18\SRC\TRADIT~1\PROC\p18f4431.asm
                 __AARGB0   0x000009       data     extern C:\MCC18\SRC\TRADIT~1\MATH\aarg.asm
                 __AARGB1   0x000008       data     extern C:\MCC18\SRC\TRADIT~1\MATH\aarg.asm
                 __AARGB2   0x000007       data     extern C:\MCC18\SRC\TRADIT~1\MATH\aarg.asm
                 __AARGB3   0x000006       data     extern C:\MCC18\SRC\TRADIT~1\MATH\aarg.asm
                 __AARGB4   0x000005       data     extern C:\MCC18\SRC\TRADIT~1\MATH\aarg.asm
                 __AARGB5   0x000004       data     extern C:\MCC18\SRC\TRADIT~1\MATH\aarg.asm
                 __AARGB6   0x000003       data     extern C:\MCC18\SRC\TRADIT~1\MATH\aarg.asm
                 __AARGB7   0x000002       data     extern C:\MCC18\SRC\TRADIT~1\MATH\aarg.asm
                   __AEXP   0x00000a       data     extern C:\MCC18\SRC\TRADIT~1\MATH\aarg.asm
                 __BARGB0   0x00000e       data     extern C:\MCC18\SRC\TRADIT~1\MATH\barg.asm
                 __BARGB1   0x00000d       data     extern C:\MCC18\SRC\TRADIT~1\MATH\barg.asm
                 __BARGB2   0x00000c       data     extern C:\MCC18\SRC\TRADIT~1\MATH\barg.asm
                 __BARGB3   0x00000b       data     extern C:\MCC18\SRC\TRADIT~1\MATH\barg.asm
                   __BEXP   0x00000f       data     extern C:\MCC18\SRC\TRADIT~1\MATH\barg.asm
                __FPFLAGS   0x000001       data     extern C:\MCC18\SRC\TRADIT~1\MATH\cmath18.asm
            __FPFLAGSbits   0x000001       data     extern C:\MCC18\SRC\TRADIT~1\MATH\cmath18.asm
                  __REMB0   0x000005       data     extern C:\MCC18\SRC\TRADIT~1\MATH\aarg.asm
                  __REMB1   0x000004       data     extern C:\MCC18\SRC\TRADIT~1\MATH\aarg.asm
                  __REMB2   0x000003       data     extern C:\MCC18\SRC\TRADIT~1\MATH\aarg.asm
                  __REMB3   0x000002       data     extern C:\MCC18\SRC\TRADIT~1\MATH\aarg.asm
                   __TEMP   0x000013       data     extern C:\MCC18\SRC\TRADIT~1\MATH\temparg.asm
                 __TEMPB0   0x000013       data     extern C:\MCC18\SRC\TRADIT~1\MATH\temparg.asm
                 __TEMPB1   0x000012       data     extern C:\MCC18\SRC\TRADIT~1\MATH\temparg.asm
                 __TEMPB2   0x000011       data     extern C:\MCC18\SRC\TRADIT~1\MATH\temparg.asm
                 __TEMPB3   0x000010       data     extern C:\MCC18\SRC\TRADIT~1\MATH\temparg.asm
                  __tmp_0   0x000014       data     static C:\MCC18\src\TRADIT~1\stdclib\putc.c
                  __tmp_0   0x000014       data     static C:\MCC18\src\TRADIT~1\stdclib\vfprintf.c
                  __tmp_0   0x000014       data     static C:\MCC18\src\TRADIT~1\stdclib\sprintf.c
                  __tmp_0   0x000014       data     static C:\second\main.c         
                  __tmp_0   0x000014       data     static C:\second\LCD4BITS.c     
                curr_byte   0x0000a3       data     static C:\MCC18\src\traditional\startup\c018i.c
               curr_entry   0x0000a5       data     static C:\MCC18\src\traditional\startup\c018i.c
                 data_ptr   0x0000a7       data     static C:\MCC18\src\traditional\startup\c018i.c
                     key1   0x0000aa       data     extern C:\second\main.c         
                     key2   0x0000ae       data     extern C:\second\main.c         
                     prom   0x0000a0       data     static C:\MCC18\src\traditional\startup\c018i.c
                        s   0x000060       data     extern C:\second\main.c         



                              Symbols - Sorted by Address
                     Name    Address   Location    Storage File                     
                ---------  ---------  ---------  --------- ---------                
                   _entry   0x000000    program     extern C:\MCC18\src\traditional\startup\c018i.c
       ___return_lbl00000   0x000004    program     static                          
            s_put_n_chars   0x000044    program     static C:\MCC18\src\TRADIT~1\stdclib\vfprintf.c
                 vfprintf   0x000070    program     extern C:\MCC18\src\TRADIT~1\stdclib\vfprintf.c
              __tmplbl_85   0x00009a    program     static                          
              __tmplbl_44   0x000948    program     static                          
              __tmplbl_43   0x000962    program     static                          
                   __pa_0   0x000984    program     static C:\MCC18\src\TRADIT~1\stdclib\vfprintf.c
                   __pa_1   0x00098c    program     static C:\MCC18\src\TRADIT~1\stdclib\vfprintf.c
                   __pa_2   0x000996    program     static C:\MCC18\src\TRADIT~1\stdclib\vfprintf.c
                   __pa_3   0x0009a0    program     static C:\MCC18\src\TRADIT~1\stdclib\vfprintf.c
                   __pa_4   0x0009b8    program     static C:\MCC18\src\TRADIT~1\stdclib\vfprintf.c
                   __pa_5   0x0009cc    program     static C:\MCC18\src\TRADIT~1\stdclib\vfprintf.c
                   __pa_6   0x0009e8    program     static C:\MCC18\src\TRADIT~1\stdclib\vfprintf.c
                   __pa_7   0x0009f2    program     static C:\MCC18\src\TRADIT~1\stdclib\vfprintf.c
                   __pa_8   0x0009fe    program     static C:\MCC18\src\TRADIT~1\stdclib\vfprintf.c
                   __pa_9   0x000a20    program     static C:\MCC18\src\TRADIT~1\stdclib\vfprintf.c
                  __pa_10   0x000a40    program     static C:\MCC18\src\TRADIT~1\stdclib\vfprintf.c
                  __pa_11   0x000a4e    program     static C:\MCC18\src\TRADIT~1\stdclib\vfprintf.c
                  __pa_12   0x000a64    program     static C:\MCC18\src\TRADIT~1\stdclib\vfprintf.c
                  __pa_13   0x000a7e    program     static C:\MCC18\src\TRADIT~1\stdclib\vfprintf.c
                  __pa_14   0x000a96    program     static C:\MCC18\src\TRADIT~1\stdclib\vfprintf.c
                  __pa_15   0x000aa6    program     static C:\MCC18\src\TRADIT~1\stdclib\vfprintf.c
                  __pa_16   0x000abc    program     static C:\MCC18\src\TRADIT~1\stdclib\vfprintf.c
                  __pa_17   0x000ace    program     static C:\MCC18\src\TRADIT~1\stdclib\vfprintf.c
                  __pa_18   0x000ae0    program     static C:\MCC18\src\TRADIT~1\stdclib\vfprintf.c
                  __pa_19   0x000aea    program     static C:\MCC18\src\TRADIT~1\stdclib\vfprintf.c
                  __pa_20   0x000afa    program     static C:\MCC18\src\TRADIT~1\stdclib\vfprintf.c
                  __pa_21   0x000b0a    program     static C:\MCC18\src\TRADIT~1\stdclib\vfprintf.c
              __tmplbl_42   0x000b1a    program     static                          
                  __pa_22   0x000b1a    program     static C:\MCC18\src\TRADIT~1\stdclib\vfprintf.c
                  __pa_23   0x000b26    program     static C:\MCC18\src\TRADIT~1\stdclib\vfprintf.c
                  __pa_24   0x000b34    program     static C:\MCC18\src\TRADIT~1\stdclib\vfprintf.c
                  __pa_25   0x000b3c    program     static C:\MCC18\src\TRADIT~1\stdclib\vfprintf.c
                  __pa_26   0x000b46    program     static C:\MCC18\src\TRADIT~1\stdclib\vfprintf.c
                  __pa_27   0x000b50    program     static C:\MCC18\src\TRADIT~1\stdclib\vfprintf.c
                  __pa_28   0x000b58    program     static C:\MCC18\src\TRADIT~1\stdclib\vfprintf.c
                  __pa_29   0x000b66    program     static C:\MCC18\src\TRADIT~1\stdclib\vfprintf.c
                  __pa_30   0x000b82    program     static C:\MCC18\src\TRADIT~1\stdclib\vfprintf.c
                  __pa_31   0x000b9c    program     static C:\MCC18\src\TRADIT~1\stdclib\vfprintf.c
                  __pa_32   0x000bb6    program     static C:\MCC18\src\TRADIT~1\stdclib\vfprintf.c
                  __pa_33   0x000bce    program     static C:\MCC18\src\TRADIT~1\stdclib\vfprintf.c
                  __pa_34   0x000bd8    program     static C:\MCC18\src\TRADIT~1\stdclib\vfprintf.c
                  __pa_35   0x000be6    program     static C:\MCC18\src\TRADIT~1\stdclib\vfprintf.c
                  __pa_36   0x000bee    program     static C:\MCC18\src\TRADIT~1\stdclib\vfprintf.c
                  __pa_37   0x000bf8    program     static C:\MCC18\src\TRADIT~1\stdclib\vfprintf.c
                  __pa_38   0x000c08    program     static C:\MCC18\src\TRADIT~1\stdclib\vfprintf.c
                  __pa_39   0x000c16    program     static C:\MCC18\src\TRADIT~1\stdclib\vfprintf.c
                  __pa_40   0x000c22    program     static C:\MCC18\src\TRADIT~1\stdclib\vfprintf.c
                  __pa_41   0x000c2e    program     static C:\MCC18\src\TRADIT~1\stdclib\vfprintf.c
                  __pa_42   0x000c36    program     static C:\MCC18\src\TRADIT~1\stdclib\vfprintf.c
                  __pa_43   0x000c40    program     static C:\MCC18\src\TRADIT~1\stdclib\vfprintf.c
                  __pa_44   0x000c46    program     static C:\MCC18\src\TRADIT~1\stdclib\vfprintf.c
                  __pa_45   0x000c50    program     static C:\MCC18\src\TRADIT~1\stdclib\vfprintf.c
                  __pa_46   0x000c5c    program     static C:\MCC18\src\TRADIT~1\stdclib\vfprintf.c
                     main   0x000c66    program     extern C:\second\main.c         
                    delay   0x00104a    program     extern C:\second\LCD4BITS.c     
                 init_LCD   0x001064    program     extern C:\second\LCD4BITS.c     
              control_LCD   0x001154    program     extern C:\second\LCD4BITS.c     
                   gotoxy   0x0011b2    program     extern C:\second\LCD4BITS.c     
                   clrscr   0x001242    program     extern C:\second\LCD4BITS.c     
              LCD_putchar   0x00126a    program     extern C:\second\LCD4BITS.c     
              LCD_printxy   0x0012b4    program     extern C:\second\LCD4BITS.c     
          LCD_printxy_rom   0x001304    program     extern C:\second\LCD4BITS.c     
                  ENCODER   0x001358    program     extern C:\second\main.c         
                  sprintf   0x001494    program     extern C:\MCC18\src\TRADIT~1\stdclib\sprintf.c
                _do_cinit   0x001540    program     extern C:\MCC18\src\traditional\startup\c018i.c
                     test   0x00155a    program     static                          
                copy_loop   0x0015b2    program     static                          
            copy_one_byte   0x0015b8    program     static                          
             done_copying   0x0015c6    program     static                          
                     done   0x0015dc    program     static                          
       ___return_lbl00002   0x0015dc    program     static                          
                     putc   0x0015de    program     extern C:\MCC18\src\TRADIT~1\stdclib\putc.c
                  FXM3232   0x001662    program     extern C:\MCC18\src\TRADIT~1\math\fxm3232.c
       ___return_lbl00000   0x0016d0    program     static                          
                   strlen   0x0016d2    program     extern C:\MCC18\SRC\TRADIT~1\STDCLIB\strlen.asm
                    jLoop   0x0016e2    program     static C:\MCC18\SRC\TRADIT~1\STDCLIB\strlen.asm
                     jEnd   0x0016ec    program     static C:\MCC18\SRC\TRADIT~1\STDCLIB\strlen.asm
                strlenpgm   0x0016ee    program     extern C:\MCC18\SRC\TRADIT~1\STDCLIB\slenpgm.asm
                    jLoop   0x00170c    program     static C:\MCC18\SRC\TRADIT~1\STDCLIB\slenpgm.asm
                   _2jEnd   0x001722    program     static C:\MCC18\SRC\TRADIT~1\STDCLIB\slenpgm.asm
                     jEnd   0x001724    program     static C:\MCC18\SRC\TRADIT~1\STDCLIB\slenpgm.asm
                 FXM1616S   0x001738    program     extern C:\MCC18\SRC\TRADIT~1\MATH\fxm1616s.asm
               TSIGN1616A   0x001784    program     static C:\MCC18\SRC\TRADIT~1\MATH\fxm1616s.asm
                 FXD3232U   0x001792    program     extern C:\MCC18\src\TRADIT~1\math\fxd3232u.c
                     loop   0x0017a0    program     static                          
                   _false   0x0017d4    program     static                          
       ___return_lbl00000   0x0017d8    program     static                          
             Delay10KTCYx   0x0017da    program     extern C:\MCC18\SRC\TRADIT~1\DELAYS\d10ktcyx.asm
                    D10Kx   0x0017e4    program     static C:\MCC18\SRC\TRADIT~1\DELAYS\d10ktcyx.asm
                   D10K_1   0x0017e6    program     static C:\MCC18\SRC\TRADIT~1\DELAYS\d10ktcyx.asm
       _D10KTCYXCODE_0010   0x0017ea    program     static C:\MCC18\SRC\TRADIT~1\DELAYS\d10ktcyx.asm
                    D10Kl   0x0017f2    program     static C:\MCC18\SRC\TRADIT~1\DELAYS\d10ktcyx.asm
       _D10KTCYXCODE_001C   0x0017f6    program     static C:\MCC18\SRC\TRADIT~1\DELAYS\d10ktcyx.asm
                  isdigit   0x001808    program     extern C:\MCC18\SRC\TRADIT~1\STDCLIB\isdigit.asm
                   jMatch   0x001828    program     static C:\MCC18\SRC\TRADIT~1\STDCLIB\isdigit.asm
                 jNoMatch   0x00182a    program     static C:\MCC18\SRC\TRADIT~1\STDCLIB\isdigit.asm
              __string_16   0x00182c    program     static C:\second\main.c         
              __string_15   0x001845    program     static C:\second\main.c         
                 _startup   0x001850    program     extern C:\MCC18\src\traditional\startup\c018i.c
                     loop   0x001860    program     static                          
       ___return_lbl00001   0x00186a    program     static                          
              _usart_putc   0x00186c    program     extern C:\MCC18\SRC\TRADIT~1\PMC\USART\_usartpc.asm
                     loop   0x00187c    program     static C:\MCC18\SRC\TRADIT~1\PMC\USART\_usartpc.asm
              Delay10TCYx   0x001888    program     extern C:\MCC18\SRC\TRADIT~1\DELAYS\d10tcyx.asm
                     D10x   0x001890    program     static C:\MCC18\SRC\TRADIT~1\DELAYS\d10tcyx.asm
        _D10TCYXCODE_000A   0x001892    program     static C:\MCC18\SRC\TRADIT~1\DELAYS\d10tcyx.asm
        _D10TCYXCODE_000C   0x001894    program     static C:\MCC18\SRC\TRADIT~1\DELAYS\d10tcyx.asm
        _D10TCYXCODE_000E   0x001896    program     static C:\MCC18\SRC\TRADIT~1\DELAYS\d10tcyx.asm
                    D10_1   0x001898    program     static C:\MCC18\SRC\TRADIT~1\DELAYS\d10tcyx.asm
                 s_digits   0x00189e    program     static C:\MCC18\src\TRADIT~1\stdclib\vfprintf.c
               _user_putc   0x0018b0    program     extern C:\MCC18\src\TRADIT~1\stdclib\_user_putc.c
                   __init   0x0018b2    program     extern C:\MCC18\src\TRADIT~1\stdclib\__init.c
                     SIGN   0x000000       data     extern C:\MCC18\SRC\TRADIT~1\MATH\cmath18.asm
                __FPFLAGS   0x000001       data     extern C:\MCC18\SRC\TRADIT~1\MATH\cmath18.asm
            __FPFLAGSbits   0x000001       data     extern C:\MCC18\SRC\TRADIT~1\MATH\cmath18.asm
                  __REMB3   0x000002       data     extern C:\MCC18\SRC\TRADIT~1\MATH\aarg.asm
                 __AARGB7   0x000002       data     extern C:\MCC18\SRC\TRADIT~1\MATH\aarg.asm
                  __REMB2   0x000003       data     extern C:\MCC18\SRC\TRADIT~1\MATH\aarg.asm
                 __AARGB6   0x000003       data     extern C:\MCC18\SRC\TRADIT~1\MATH\aarg.asm
                 __AARGB5   0x000004       data     extern C:\MCC18\SRC\TRADIT~1\MATH\aarg.asm
                  __REMB1   0x000004       data     extern C:\MCC18\SRC\TRADIT~1\MATH\aarg.asm
                  __REMB0   0x000005       data     extern C:\MCC18\SRC\TRADIT~1\MATH\aarg.asm
                 __AARGB4   0x000005       data     extern C:\MCC18\SRC\TRADIT~1\MATH\aarg.asm
                 __AARGB3   0x000006       data     extern C:\MCC18\SRC\TRADIT~1\MATH\aarg.asm
                 __AARGB2   0x000007       data     extern C:\MCC18\SRC\TRADIT~1\MATH\aarg.asm
                 __AARGB1   0x000008       data     extern C:\MCC18\SRC\TRADIT~1\MATH\aarg.asm
                 __AARGB0   0x000009       data     extern C:\MCC18\SRC\TRADIT~1\MATH\aarg.asm
                   __AEXP   0x00000a       data     extern C:\MCC18\SRC\TRADIT~1\MATH\aarg.asm
                 __BARGB3   0x00000b       data     extern C:\MCC18\SRC\TRADIT~1\MATH\barg.asm
                 __BARGB2   0x00000c       data     extern C:\MCC18\SRC\TRADIT~1\MATH\barg.asm
                 __BARGB1   0x00000d       data     extern C:\MCC18\SRC\TRADIT~1\MATH\barg.asm
                 __BARGB0   0x00000e       data     extern C:\MCC18\SRC\TRADIT~1\MATH\barg.asm
                   __BEXP   0x00000f       data     extern C:\MCC18\SRC\TRADIT~1\MATH\barg.asm
                 __TEMPB3   0x000010       data     extern C:\MCC18\SRC\TRADIT~1\MATH\temparg.asm
                 __TEMPB2   0x000011       data     extern C:\MCC18\SRC\TRADIT~1\MATH\temparg.asm
                 __TEMPB1   0x000012       data     extern C:\MCC18\SRC\TRADIT~1\MATH\temparg.asm
                   __TEMP   0x000013       data     extern C:\MCC18\SRC\TRADIT~1\MATH\temparg.asm
                 __TEMPB0   0x000013       data     extern C:\MCC18\SRC\TRADIT~1\MATH\temparg.asm
                  __tmp_0   0x000014       data     static C:\MCC18\src\TRADIT~1\stdclib\putc.c
                  __tmp_0   0x000014       data     static C:\MCC18\src\TRADIT~1\stdclib\vfprintf.c
                  __tmp_0   0x000014       data     static C:\MCC18\src\TRADIT~1\stdclib\sprintf.c
                  __tmp_0   0x000014       data     static C:\second\main.c         
                  __tmp_0   0x000014       data     static C:\second\LCD4BITS.c     
            DelayCounter2   0x00001b       data     extern C:\MCC18\SRC\TRADIT~1\DELAYS\delayd2.asm
            DelayCounter1   0x00001c       data     extern C:\MCC18\SRC\TRADIT~1\DELAYS\delayd1.asm
                        s   0x000060       data     extern C:\second\main.c         
                 LOCATION   0x000080       data     static C:\second\LCD4BITS.c     
                     prom   0x0000a0       data     static C:\MCC18\src\traditional\startup\c018i.c
                curr_byte   0x0000a3       data     static C:\MCC18\src\traditional\startup\c018i.c
               curr_entry   0x0000a5       data     static C:\MCC18\src\traditional\startup\c018i.c
                 data_ptr   0x0000a7       data     static C:\MCC18\src\traditional\startup\c018i.c
                     key1   0x0000aa       data     extern C:\second\main.c         
                     key2   0x0000ae       data     extern C:\second\main.c         
                    DELAY   0x0000b2       data     extern C:\second\LCD4BITS.c     
              DFLTCONbits   0x000f60       data     extern C:\MCC18\SRC\TRADIT~1\PROC\p18f4431.asm
                  DFLTCON   0x000f60       data     extern C:\MCC18\SRC\TRADIT~1\PROC\p18f4431.asm
              CAP3CONbits   0x000f61       data     extern C:\MCC18\SRC\TRADIT~1\PROC\p18f4431.asm
                  CAP3CON   0x000f61       data     extern C:\MCC18\SRC\TRADIT~1\PROC\p18f4431.asm
              CAP2CONbits   0x000f62       data     extern C:\MCC18\SRC\TRADIT~1\PROC\p18f4431.asm
                  CAP2CON   0x000f62       data     extern C:\MCC18\SRC\TRADIT~1\PROC\p18f4431.asm
              CAP1CONbits   0x000f63       data     extern C:\MCC18\SRC\TRADIT~1\PROC\p18f4431.asm
                  CAP1CON   0x000f63       data     extern C:\MCC18\SRC\TRADIT~1\PROC\p18f4431.asm
                  MAXCNTL   0x000f64       data     extern C:\MCC18\SRC\TRADIT~1\PROC\p18f4431.asm
                 CAP3BUFL   0x000f64       data     extern C:\MCC18\SRC\TRADIT~1\PROC\p18f4431.asm
                  MAXCNTH   0x000f65       data     extern C:\MCC18\SRC\TRADIT~1\PROC\p18f4431.asm
                 CAP3BUFH   0x000f65       data     extern C:\MCC18\SRC\TRADIT~1\PROC\p18f4431.asm
                  POSCNTL   0x000f66       data     extern C:\MCC18\SRC\TRADIT~1\PROC\p18f4431.asm
                 CAP2BUFL   0x000f66       data     extern C:\MCC18\SRC\TRADIT~1\PROC\p18f4431.asm
                  POSCNTH   0x000f67       data     extern C:\MCC18\SRC\TRADIT~1\PROC\p18f4431.asm
                 CAP2BUFH   0x000f67       data     extern C:\MCC18\SRC\TRADIT~1\PROC\p18f4431.asm
                    VELRL   0x000f68       data     extern C:\MCC18\SRC\TRADIT~1\PROC\p18f4431.asm
                 CAP1BUFL   0x000f68       data     extern C:\MCC18\SRC\TRADIT~1\PROC\p18f4431.asm
                 CAP1BUFH   0x000f69       data     extern C:\MCC18\SRC\TRADIT~1\PROC\p18f4431.asm
                    VELRH   0x000f69       data     extern C:\MCC18\SRC\TRADIT~1\PROC\p18f4431.asm
                  OVDCONS   0x000f6a       data     extern C:\MCC18\SRC\TRADIT~1\PROC\p18f4431.asm
              OVDCONSbits   0x000f6a       data     extern C:\MCC18\SRC\TRADIT~1\PROC\p18f4431.asm
                  OVDCOND   0x000f6b       data     extern C:\MCC18\SRC\TRADIT~1\PROC\p18f4431.asm
              OVDCONDbits   0x000f6b       data     extern C:\MCC18\SRC\TRADIT~1\PROC\p18f4431.asm
                FLTCONFIG   0x000f6c       data     extern C:\MCC18\SRC\TRADIT~1\PROC\p18f4431.asm
            FLTCONFIGbits   0x000f6c       data     extern C:\MCC18\SRC\TRADIT~1\PROC\p18f4431.asm
                DTCONbits   0x000f6d       data     extern C:\MCC18\SRC\TRADIT~1\PROC\p18f4431.asm
                    DTCON   0x000f6d       data     extern C:\MCC18\SRC\TRADIT~1\PROC\p18f4431.asm
                  PWMCON1   0x000f6e       data     extern C:\MCC18\SRC\TRADIT~1\PROC\p18f4431.asm
              PWMCON1bits   0x000f6e       data     extern C:\MCC18\SRC\TRADIT~1\PROC\p18f4431.asm
              PWMCON0bits   0x000f6f       data     extern C:\MCC18\SRC\TRADIT~1\PROC\p18f4431.asm
                  PWMCON0   0x000f6f       data     extern C:\MCC18\SRC\TRADIT~1\PROC\p18f4431.asm
                 SEVTCMPH   0x000f70       data     extern C:\MCC18\SRC\TRADIT~1\PROC\p18f4431.asm
                 SEVTCMPL   0x000f71       data     extern C:\MCC18\SRC\TRADIT~1\PROC\p18f4431.asm
                    PDC3H   0x000f72       data     extern C:\MCC18\SRC\TRADIT~1\PROC\p18f4431.asm
                    PDC3L   0x000f73       data     extern C:\MCC18\SRC\TRADIT~1\PROC\p18f4431.asm
                    PDC2H   0x000f74       data     extern C:\MCC18\SRC\TRADIT~1\PROC\p18f4431.asm
                    PDC2L   0x000f75       data     extern C:\MCC18\SRC\TRADIT~1\PROC\p18f4431.asm
                    PDC1H   0x000f76       data     extern C:\MCC18\SRC\TRADIT~1\PROC\p18f4431.asm
                    PDC1L   0x000f77       data     extern C:\MCC18\SRC\TRADIT~1\PROC\p18f4431.asm
                    PDC0H   0x000f78       data     extern C:\MCC18\SRC\TRADIT~1\PROC\p18f4431.asm
                    PDC0L   0x000f79       data     extern C:\MCC18\SRC\TRADIT~1\PROC\p18f4431.asm
                   PTPERH   0x000f7a       data     extern C:\MCC18\SRC\TRADIT~1\PROC\p18f4431.asm
                   PTPERL   0x000f7b       data     extern C:\MCC18\SRC\TRADIT~1\PROC\p18f4431.asm
                    PTMRH   0x000f7c       data     extern C:\MCC18\SRC\TRADIT~1\PROC\p18f4431.asm
                    PTMRL   0x000f7d       data     extern C:\MCC18\SRC\TRADIT~1\PROC\p18f4431.asm
                   PTCON1   0x000f7e       data     extern C:\MCC18\SRC\TRADIT~1\PROC\p18f4431.asm
               PTCON1bits   0x000f7e       data     extern C:\MCC18\SRC\TRADIT~1\PROC\p18f4431.asm
               PTCON0bits   0x000f7f       data     extern C:\MCC18\SRC\TRADIT~1\PROC\p18f4431.asm
                   PTCON0   0x000f7f       data     extern C:\MCC18\SRC\TRADIT~1\PROC\p18f4431.asm
                    PORTA   0x000f80       data     extern C:\MCC18\SRC\TRADIT~1\PROC\p18f4431.asm
                PORTAbits   0x000f80       data     extern C:\MCC18\SRC\TRADIT~1\PROC\p18f4431.asm
                    PORTB   0x000f81       data     extern C:\MCC18\SRC\TRADIT~1\PROC\p18f4431.asm
                PORTBbits   0x000f81       data     extern C:\MCC18\SRC\TRADIT~1\PROC\p18f4431.asm
                PORTCbits   0x000f82       data     extern C:\MCC18\SRC\TRADIT~1\PROC\p18f4431.asm
                    PORTC   0x000f82       data     extern C:\MCC18\SRC\TRADIT~1\PROC\p18f4431.asm
                PORTDbits   0x000f83       data     extern C:\MCC18\SRC\TRADIT~1\PROC\p18f4431.asm
                    PORTD   0x000f83       data     extern C:\MCC18\SRC\TRADIT~1\PROC\p18f4431.asm
                PORTEbits   0x000f84       data     extern C:\MCC18\SRC\TRADIT~1\PROC\p18f4431.asm
                    PORTE   0x000f84       data     extern C:\MCC18\SRC\TRADIT~1\PROC\p18f4431.asm
                    TMR5L   0x000f87       data     extern C:\MCC18\SRC\TRADIT~1\PROC\p18f4431.asm
                    TMR5H   0x000f88       data     extern C:\MCC18\SRC\TRADIT~1\PROC\p18f4431.asm
                     LATA   0x000f89       data     extern C:\MCC18\SRC\TRADIT~1\PROC\p18f4431.asm
                 LATAbits   0x000f89       data     extern C:\MCC18\SRC\TRADIT~1\PROC\p18f4431.asm
                 LATBbits   0x000f8a       data     extern C:\MCC18\SRC\TRADIT~1\PROC\p18f4431.asm
                     LATB   0x000f8a       data     extern C:\MCC18\SRC\TRADIT~1\PROC\p18f4431.asm
                 LATCbits   0x000f8b       data     extern C:\MCC18\SRC\TRADIT~1\PROC\p18f4431.asm
                     LATC   0x000f8b       data     extern C:\MCC18\SRC\TRADIT~1\PROC\p18f4431.asm
                 LATDbits   0x000f8c       data     extern C:\MCC18\SRC\TRADIT~1\PROC\p18f4431.asm
                     LATD   0x000f8c       data     extern C:\MCC18\SRC\TRADIT~1\PROC\p18f4431.asm
                 LATEbits   0x000f8d       data     extern C:\MCC18\SRC\TRADIT~1\PROC\p18f4431.asm
                     LATE   0x000f8d       data     extern C:\MCC18\SRC\TRADIT~1\PROC\p18f4431.asm
                     PR5L   0x000f90       data     extern C:\MCC18\SRC\TRADIT~1\PROC\p18f4431.asm
                     PR5H   0x000f91       data     extern C:\MCC18\SRC\TRADIT~1\PROC\p18f4431.asm
                 DDRAbits   0x000f92       data     extern C:\MCC18\SRC\TRADIT~1\PROC\p18f4431.asm
                     DDRA   0x000f92       data     extern C:\MCC18\SRC\TRADIT~1\PROC\p18f4431.asm
                    TRISA   0x000f92       data     extern C:\MCC18\SRC\TRADIT~1\PROC\p18f4431.asm
                TRISAbits   0x000f92       data     extern C:\MCC18\SRC\TRADIT~1\PROC\p18f4431.asm
                TRISBbits   0x000f93       data     extern C:\MCC18\SRC\TRADIT~1\PROC\p18f4431.asm
                     DDRB   0x000f93       data     extern C:\MCC18\SRC\TRADIT~1\PROC\p18f4431.asm
                 DDRBbits   0x000f93       data     extern C:\MCC18\SRC\TRADIT~1\PROC\p18f4431.asm
                    TRISB   0x000f93       data     extern C:\MCC18\SRC\TRADIT~1\PROC\p18f4431.asm
                    TRISC   0x000f94       data     extern C:\MCC18\SRC\TRADIT~1\PROC\p18f4431.asm
                TRISCbits   0x000f94       data     extern C:\MCC18\SRC\TRADIT~1\PROC\p18f4431.asm
                     DDRC   0x000f94       data     extern C:\MCC18\SRC\TRADIT~1\PROC\p18f4431.asm
                 DDRCbits   0x000f94       data     extern C:\MCC18\SRC\TRADIT~1\PROC\p18f4431.asm
                 DDRDbits   0x000f95       data     extern C:\MCC18\SRC\TRADIT~1\PROC\p18f4431.asm
                     DDRD   0x000f95       data     extern C:\MCC18\SRC\TRADIT~1\PROC\p18f4431.asm
                TRISDbits   0x000f95       data     extern C:\MCC18\SRC\TRADIT~1\PROC\p18f4431.asm
                    TRISD   0x000f95       data     extern C:\MCC18\SRC\TRADIT~1\PROC\p18f4431.asm
                TRISEbits   0x000f96       data     extern C:\MCC18\SRC\TRADIT~1\PROC\p18f4431.asm
                    TRISE   0x000f96       data     extern C:\MCC18\SRC\TRADIT~1\PROC\p18f4431.asm
                     DDRE   0x000f96       data     extern C:\MCC18\SRC\TRADIT~1\PROC\p18f4431.asm
                 DDREbits   0x000f96       data     extern C:\MCC18\SRC\TRADIT~1\PROC\p18f4431.asm
                    ADCHS   0x000f99       data     extern C:\MCC18\SRC\TRADIT~1\PROC\p18f4431.asm
                ADCHSbits   0x000f99       data     extern C:\MCC18\SRC\TRADIT~1\PROC\p18f4431.asm
                   ADCON3   0x000f9a       data     extern C:\MCC18\SRC\TRADIT~1\PROC\p18f4431.asm
               ADCON3bits   0x000f9a       data     extern C:\MCC18\SRC\TRADIT~1\PROC\p18f4431.asm
                  OSCTUNE   0x000f9b       data     extern C:\MCC18\SRC\TRADIT~1\PROC\p18f4431.asm
              OSCTUNEbits   0x000f9b       data     extern C:\MCC18\SRC\TRADIT~1\PROC\p18f4431.asm
                     PIE1   0x000f9d       data     extern C:\MCC18\SRC\TRADIT~1\PROC\p18f4431.asm
                 PIE1bits   0x000f9d       data     extern C:\MCC18\SRC\TRADIT~1\PROC\p18f4431.asm
                 PIR1bits   0x000f9e       data     extern C:\MCC18\SRC\TRADIT~1\PROC\p18f4431.asm
                     PIR1   0x000f9e       data     extern C:\MCC18\SRC\TRADIT~1\PROC\p18f4431.asm
                     IPR1   0x000f9f       data     extern C:\MCC18\SRC\TRADIT~1\PROC\p18f4431.asm
                 IPR1bits   0x000f9f       data     extern C:\MCC18\SRC\TRADIT~1\PROC\p18f4431.asm
                 PIE2bits   0x000fa0       data     extern C:\MCC18\SRC\TRADIT~1\PROC\p18f4431.asm
                     PIE2   0x000fa0       data     extern C:\MCC18\SRC\TRADIT~1\PROC\p18f4431.asm
                 PIR2bits   0x000fa1       data     extern C:\MCC18\SRC\TRADIT~1\PROC\p18f4431.asm
                     PIR2   0x000fa1       data     extern C:\MCC18\SRC\TRADIT~1\PROC\p18f4431.asm
                     IPR2   0x000fa2       data     extern C:\MCC18\SRC\TRADIT~1\PROC\p18f4431.asm
                 IPR2bits   0x000fa2       data     extern C:\MCC18\SRC\TRADIT~1\PROC\p18f4431.asm
                 PIE3bits   0x000fa3       data     extern C:\MCC18\SRC\TRADIT~1\PROC\p18f4431.asm
                     PIE3   0x000fa3       data     extern C:\MCC18\SRC\TRADIT~1\PROC\p18f4431.asm
                     PIR3   0x000fa4       data     extern C:\MCC18\SRC\TRADIT~1\PROC\p18f4431.asm
                 PIR3bits   0x000fa4       data     extern C:\MCC18\SRC\TRADIT~1\PROC\p18f4431.asm
                     IPR3   0x000fa5       data     extern C:\MCC18\SRC\TRADIT~1\PROC\p18f4431.asm
                 IPR3bits   0x000fa5       data     extern C:\MCC18\SRC\TRADIT~1\PROC\p18f4431.asm
               EECON1bits   0x000fa6       data     extern C:\MCC18\SRC\TRADIT~1\PROC\p18f4431.asm
                   EECON1   0x000fa6       data     extern C:\MCC18\SRC\TRADIT~1\PROC\p18f4431.asm
                   EECON2   0x000fa7       data     extern C:\MCC18\SRC\TRADIT~1\PROC\p18f4431.asm
                   EEDATA   0x000fa8       data     extern C:\MCC18\SRC\TRADIT~1\PROC\p18f4431.asm
                    EEADR   0x000fa9       data     extern C:\MCC18\SRC\TRADIT~1\PROC\p18f4431.asm
              BAUDCTLbits   0x000faa       data     extern C:\MCC18\SRC\TRADIT~1\PROC\p18f4431.asm
                  BAUDCTL   0x000faa       data     extern C:\MCC18\SRC\TRADIT~1\PROC\p18f4431.asm
              BAUDCONbits   0x000faa       data     extern C:\MCC18\SRC\TRADIT~1\PROC\p18f4431.asm
                  BAUDCON   0x000faa       data     extern C:\MCC18\SRC\TRADIT~1\PROC\p18f4431.asm
                RCSTAbits   0x000fab       data     extern C:\MCC18\SRC\TRADIT~1\PROC\p18f4431.asm
                    RCSTA   0x000fab       data     extern C:\MCC18\SRC\TRADIT~1\PROC\p18f4431.asm
                TXSTAbits   0x000fac       data     extern C:\MCC18\SRC\TRADIT~1\PROC\p18f4431.asm
                    TXSTA   0x000fac       data     extern C:\MCC18\SRC\TRADIT~1\PROC\p18f4431.asm
                    TXREG   0x000fad       data     extern C:\MCC18\SRC\TRADIT~1\PROC\p18f4431.asm
                    RCREG   0x000fae       data     extern C:\MCC18\SRC\TRADIT~1\PROC\p18f4431.asm
                    SPBRG   0x000faf       data     extern C:\MCC18\SRC\TRADIT~1\PROC\p18f4431.asm
                   SPBRGH   0x000fb0       data     extern C:\MCC18\SRC\TRADIT~1\PROC\p18f4431.asm
                   QEICON   0x000fb6       data     extern C:\MCC18\SRC\TRADIT~1\PROC\p18f4431.asm
               QEICONbits   0x000fb6       data     extern C:\MCC18\SRC\TRADIT~1\PROC\p18f4431.asm
                    T5CON   0x000fb7       data     extern C:\MCC18\SRC\TRADIT~1\PROC\p18f4431.asm
                T5CONbits   0x000fb7       data     extern C:\MCC18\SRC\TRADIT~1\PROC\p18f4431.asm
               ANSEL0bits   0x000fb8       data     extern C:\MCC18\SRC\TRADIT~1\PROC\p18f4431.asm
                   ANSEL0   0x000fb8       data     extern C:\MCC18\SRC\TRADIT~1\PROC\p18f4431.asm
               ANSEL1bits   0x000fb9       data     extern C:\MCC18\SRC\TRADIT~1\PROC\p18f4431.asm
                   ANSEL1   0x000fb9       data     extern C:\MCC18\SRC\TRADIT~1\PROC\p18f4431.asm
              CCP2CONbits   0x000fba       data     extern C:\MCC18\SRC\TRADIT~1\PROC\p18f4431.asm
                  CCP2CON   0x000fba       data     extern C:\MCC18\SRC\TRADIT~1\PROC\p18f4431.asm
                    CCPR2   0x000fbb       data     extern C:\MCC18\SRC\TRADIT~1\PROC\p18f4431.asm
                   CCPR2L   0x000fbb       data     extern C:\MCC18\SRC\TRADIT~1\PROC\p18f4431.asm
                   CCPR2H   0x000fbc       data     extern C:\MCC18\SRC\TRADIT~1\PROC\p18f4431.asm
              CCP1CONbits   0x000fbd       data     extern C:\MCC18\SRC\TRADIT~1\PROC\p18f4431.asm
                  CCP1CON   0x000fbd       data     extern C:\MCC18\SRC\TRADIT~1\PROC\p18f4431.asm
                    CCPR1   0x000fbe       data     extern C:\MCC18\SRC\TRADIT~1\PROC\p18f4431.asm
                   CCPR1L   0x000fbe       data     extern C:\MCC18\SRC\TRADIT~1\PROC\p18f4431.asm
                   CCPR1H   0x000fbf       data     extern C:\MCC18\SRC\TRADIT~1\PROC\p18f4431.asm
                   ADCON2   0x000fc0       data     extern C:\MCC18\SRC\TRADIT~1\PROC\p18f4431.asm
               ADCON2bits   0x000fc0       data     extern C:\MCC18\SRC\TRADIT~1\PROC\p18f4431.asm
               ADCON1bits   0x000fc1       data     extern C:\MCC18\SRC\TRADIT~1\PROC\p18f4431.asm
                   ADCON1   0x000fc1       data     extern C:\MCC18\SRC\TRADIT~1\PROC\p18f4431.asm
               ADCON0bits   0x000fc2       data     extern C:\MCC18\SRC\TRADIT~1\PROC\p18f4431.asm
                   ADCON0   0x000fc2       data     extern C:\MCC18\SRC\TRADIT~1\PROC\p18f4431.asm
                    ADRES   0x000fc3       data     extern C:\MCC18\SRC\TRADIT~1\PROC\p18f4431.asm
                   ADRESL   0x000fc3       data     extern C:\MCC18\SRC\TRADIT~1\PROC\p18f4431.asm
                   ADRESH   0x000fc4       data     extern C:\MCC18\SRC\TRADIT~1\PROC\p18f4431.asm
                   SSPCON   0x000fc6       data     extern C:\MCC18\SRC\TRADIT~1\PROC\p18f4431.asm
               SSPCONbits   0x000fc6       data     extern C:\MCC18\SRC\TRADIT~1\PROC\p18f4431.asm
                  SSPSTAT   0x000fc7       data     extern C:\MCC18\SRC\TRADIT~1\PROC\p18f4431.asm
              SSPSTATbits   0x000fc7       data     extern C:\MCC18\SRC\TRADIT~1\PROC\p18f4431.asm
                   SSPADD   0x000fc8       data     extern C:\MCC18\SRC\TRADIT~1\PROC\p18f4431.asm
                   SSPBUF   0x000fc9       data     extern C:\MCC18\SRC\TRADIT~1\PROC\p18f4431.asm
                T2CONbits   0x000fca       data     extern C:\MCC18\SRC\TRADIT~1\PROC\p18f4431.asm
                    T2CON   0x000fca       data     extern C:\MCC18\SRC\TRADIT~1\PROC\p18f4431.asm
                      PR2   0x000fcb       data     extern C:\MCC18\SRC\TRADIT~1\PROC\p18f4431.asm
                     TMR2   0x000fcc       data     extern C:\MCC18\SRC\TRADIT~1\PROC\p18f4431.asm
                T1CONbits   0x000fcd       data     extern C:\MCC18\SRC\TRADIT~1\PROC\p18f4431.asm
                    T1CON   0x000fcd       data     extern C:\MCC18\SRC\TRADIT~1\PROC\p18f4431.asm
                    TMR1L   0x000fce       data     extern C:\MCC18\SRC\TRADIT~1\PROC\p18f4431.asm
                    TMR1H   0x000fcf       data     extern C:\MCC18\SRC\TRADIT~1\PROC\p18f4431.asm
                     RCON   0x000fd0       data     extern C:\MCC18\SRC\TRADIT~1\PROC\p18f4431.asm
                 RCONbits   0x000fd0       data     extern C:\MCC18\SRC\TRADIT~1\PROC\p18f4431.asm
               WDTCONbits   0x000fd1       data     extern C:\MCC18\SRC\TRADIT~1\PROC\p18f4431.asm
                   WDTCON   0x000fd1       data     extern C:\MCC18\SRC\TRADIT~1\PROC\p18f4431.asm
               LVDCONbits   0x000fd2       data     extern C:\MCC18\SRC\TRADIT~1\PROC\p18f4431.asm
                   LVDCON   0x000fd2       data     extern C:\MCC18\SRC\TRADIT~1\PROC\p18f4431.asm
               OSCCONbits   0x000fd3       data     extern C:\MCC18\SRC\TRADIT~1\PROC\p18f4431.asm
                   OSCCON   0x000fd3       data     extern C:\MCC18\SRC\TRADIT~1\PROC\p18f4431.asm
                    T0CON   0x000fd5       data     extern C:\MCC18\SRC\TRADIT~1\PROC\p18f4431.asm
                T0CONbits   0x000fd5       data     extern C:\MCC18\SRC\TRADIT~1\PROC\p18f4431.asm
                    TMR0L   0x000fd6       data     extern C:\MCC18\SRC\TRADIT~1\PROC\p18f4431.asm
                    TMR0H   0x000fd7       data     extern C:\MCC18\SRC\TRADIT~1\PROC\p18f4431.asm
                   STATUS   0x000fd8       data     extern C:\MCC18\SRC\TRADIT~1\PROC\p18f4431.asm
               STATUSbits   0x000fd8       data     extern C:\MCC18\SRC\TRADIT~1\PROC\p18f4431.asm
                     FSR2   0x000fd9       data     extern C:\MCC18\SRC\TRADIT~1\PROC\p18f4431.asm
                    FSR2L   0x000fd9       data     extern C:\MCC18\SRC\TRADIT~1\PROC\p18f4431.asm
                    FSR2H   0x000fda       data     extern C:\MCC18\SRC\TRADIT~1\PROC\p18f4431.asm
                   PLUSW2   0x000fdb       data     extern C:\MCC18\SRC\TRADIT~1\PROC\p18f4431.asm
                  PREINC2   0x000fdc       data     extern C:\MCC18\SRC\TRADIT~1\PROC\p18f4431.asm
                 POSTDEC2   0x000fdd       data     extern C:\MCC18\SRC\TRADIT~1\PROC\p18f4431.asm
                 POSTINC2   0x000fde       data     extern C:\MCC18\SRC\TRADIT~1\PROC\p18f4431.asm
                    INDF2   0x000fdf       data     extern C:\MCC18\SRC\TRADIT~1\PROC\p18f4431.asm
                      BSR   0x000fe0       data     extern C:\MCC18\SRC\TRADIT~1\PROC\p18f4431.asm
                    FSR1L   0x000fe1       data     extern C:\MCC18\SRC\TRADIT~1\PROC\p18f4431.asm
                     FSR1   0x000fe1       data     extern C:\MCC18\SRC\TRADIT~1\PROC\p18f4431.asm
                    FSR1H   0x000fe2       data     extern C:\MCC18\SRC\TRADIT~1\PROC\p18f4431.asm
                   PLUSW1   0x000fe3       data     extern C:\MCC18\SRC\TRADIT~1\PROC\p18f4431.asm
                  PREINC1   0x000fe4       data     extern C:\MCC18\SRC\TRADIT~1\PROC\p18f4431.asm
                 POSTDEC1   0x000fe5       data     extern C:\MCC18\SRC\TRADIT~1\PROC\p18f4431.asm
                 POSTINC1   0x000fe6       data     extern C:\MCC18\SRC\TRADIT~1\PROC\p18f4431.asm
                    INDF1   0x000fe7       data     extern C:\MCC18\SRC\TRADIT~1\PROC\p18f4431.asm
                     WREG   0x000fe8       data     extern C:\MCC18\SRC\TRADIT~1\PROC\p18f4431.asm
                    FSR0L   0x000fe9       data     extern C:\MCC18\SRC\TRADIT~1\PROC\p18f4431.asm
                     FSR0   0x000fe9       data     extern C:\MCC18\SRC\TRADIT~1\PROC\p18f4431.asm
                    FSR0H   0x000fea       data     extern C:\MCC18\SRC\TRADIT~1\PROC\p18f4431.asm
                   PLUSW0   0x000feb       data     extern C:\MCC18\SRC\TRADIT~1\PROC\p18f4431.asm
                  PREINC0   0x000fec       data     extern C:\MCC18\SRC\TRADIT~1\PROC\p18f4431.asm
                 POSTDEC0   0x000fed       data     extern C:\MCC18\SRC\TRADIT~1\PROC\p18f4431.asm
                 POSTINC0   0x000fee       data     extern C:\MCC18\SRC\TRADIT~1\PROC\p18f4431.asm
                    INDF0   0x000fef       data     extern C:\MCC18\SRC\TRADIT~1\PROC\p18f4431.asm
                  INTCON3   0x000ff0       data     extern C:\MCC18\SRC\TRADIT~1\PROC\p18f4431.asm
              INTCON3bits   0x000ff0       data     extern C:\MCC18\SRC\TRADIT~1\PROC\p18f4431.asm
              INTCON2bits   0x000ff1       data     extern C:\MCC18\SRC\TRADIT~1\PROC\p18f4431.asm
                  INTCON2   0x000ff1       data     extern C:\MCC18\SRC\TRADIT~1\PROC\p18f4431.asm
                   INTCON   0x000ff2       data     extern C:\MCC18\SRC\TRADIT~1\PROC\p18f4431.asm
               INTCONbits   0x000ff2       data     extern C:\MCC18\SRC\TRADIT~1\PROC\p18f4431.asm
                    PRODL   0x000ff3       data     extern C:\MCC18\SRC\TRADIT~1\PROC\p18f4431.asm
                     PROD   0x000ff3       data     extern C:\MCC18\SRC\TRADIT~1\PROC\p18f4431.asm
                    PRODH   0x000ff4       data     extern C:\MCC18\SRC\TRADIT~1\PROC\p18f4431.asm
                   TABLAT   0x000ff5       data     extern C:\MCC18\SRC\TRADIT~1\PROC\p18f4431.asm
                  TBLPTRL   0x000ff6       data     extern C:\MCC18\SRC\TRADIT~1\PROC\p18f4431.asm
                   TBLPTR   0x000ff6       data     extern C:\MCC18\SRC\TRADIT~1\PROC\p18f4431.asm
                  TBLPTRH   0x000ff7       data     extern C:\MCC18\SRC\TRADIT~1\PROC\p18f4431.asm
                  TBLPTRU   0x000ff8       data     extern C:\MCC18\SRC\TRADIT~1\PROC\p18f4431.asm
                       PC   0x000ff9       data     extern C:\MCC18\SRC\TRADIT~1\PROC\p18f4431.asm
                      PCL   0x000ff9       data     extern C:\MCC18\SRC\TRADIT~1\PROC\p18f4431.asm
                   PCLATH   0x000ffa       data     extern C:\MCC18\SRC\TRADIT~1\PROC\p18f4431.asm
                   PCLATU   0x000ffb       data     extern C:\MCC18\SRC\TRADIT~1\PROC\p18f4431.asm
                   STKPTR   0x000ffc       data     extern C:\MCC18\SRC\TRADIT~1\PROC\p18f4431.asm
               STKPTRbits   0x000ffc       data     extern C:\MCC18\SRC\TRADIT~1\PROC\p18f4431.asm
                      TOS   0x000ffd       data     extern C:\MCC18\SRC\TRADIT~1\PROC\p18f4431.asm
                     TOSL   0x000ffd       data     extern C:\MCC18\SRC\TRADIT~1\PROC\p18f4431.asm
                     TOSH   0x000ffe       data     extern C:\MCC18\SRC\TRADIT~1\PROC\p18f4431.asm
                     TOSU   0x000fff       data     extern C:\MCC18\SRC\TRADIT~1\PROC\p18f4431.asm


