Microchip MPLAB XC8 Compiler V1.12 ()

Linker command line:

--edf=/Applications/microchip/xc8/v1.12/dat/en_msgs.txt -cs \
  -h+dist/default/production/Slave.X.production.sym -z -Q18F8622 -ol.obj \
  -Mdist/default/production/Slave.X.production.map -E1 -ver=XC8 \
  -ACODE=00h-0FFFFh -ACONST=00h-0FFFFh -ASMALLCONST=01000h-010FFhx240 \
  -AMEDIUMCONST=01000h-0FFFFh -ACOMRAM=01h-05Fh -AABS1=00h-0F5Fh \
  -ABIGRAM=01h-0F5Fh -ARAM=060h-0FFh,0100h-01FFhx14,0F00h-0F5Fh \
  -ABANK0=060h-0FFh -ABANK1=0100h-01FFh -ABANK2=0200h-02FFh \
  -ABANK3=0300h-03FFh -ABANK4=0400h-04FFh -ABANK5=0500h-05FFh \
  -ABANK6=0600h-06FFh -ABANK7=0700h-07FFh -ABANK8=0800h-08FFh \
  -ABANK9=0900h-09FFh -ABANK10=0A00h-0AFFh -ABANK11=0B00h-0BFFh \
  -ABANK12=0C00h-0CFFh -ABANK13=0D00h-0DFFh -ABANK14=0E00h-0EFFh \
  -ABANK15=0F00h-0F5Fh -ASFR=0F60h-0FFFh \
  -preset_vec=00h,intcode=08h,intcodelo,powerup,init,end_init \
  -pramtop=01000h -psmallconst=SMALLCONST -pmediumconst=MEDIUMCONST \
  -pconst=CONST -AFARRAM=00h-00h -ACONFIG=0300000h-030000Dh -pconfig=CONFIG \
  -AIDLOC=0200000h-0200007h -pidloc=IDLOC -AEEDATA=0F00000h-0F003FFh \
  -peeprom_data=EEDATA \
  -prdata=COMRAM,nvrram=COMRAM,nvbit=COMRAM,rbss=COMRAM,rbit=COMRAM \
  -pfarbss=FARRAM,fardata=FARRAM \
  -pintsave_regs=BIGRAM,bigbss=BIGRAM,bigdata=BIGRAM -pbss=RAM \
  -pidata=CODE,irdata=CODE,ibigdata=CODE,ifardata=CODE /tmp/cgtenwwze.obj \
  dist/default/production/Slave.X.production.obj 

Object code version is 3.10

Machine type is 18F8622

Call graph: (short form)




                Name                               Link     Load   Length Selector   Space Scale
/tmp/cgtenwwze.obj
                end_init                             F2       F2        4        4       0
                reset_vec                             0        0        4        0       0
                idloc                            200000   200000        8   200000       0
                config                           300000   300000        E   300000       0
dist/default/production/Slave.X.production.obj
                intcode                               8        8       EA        4       0
                smallconst                         1000     1000       4E      800       0
                text12                             1A6A     1A6A       5C      827       0
                text11                             199A     199A       6C      827       0
                text10                             104E     104E      380      827       0
                text9                              1A06     1A06       64      827       0
                text8                              16FA     16FA      104      827       0
                text7                              17FE     17FE       FC      827       0
                text6                              1B02     1B02       3C      827       0
                text5                              1B72     1B72       1E      827       0
                text4                              13CE     13CE      198      827       0
                text3                              1B90     1B90       1A      827       0
                text2                              18FA     18FA       A0      827       0
                text1                              1B3E     1B3E       34      827       0
                text0                              1566     1566      194      827       0
                cstackCOMRAM                          1        1       32        1       1
                cstackBANK0                          C6       C6        B       60       1
                bssBANK0                             60       60       66       60       1
                dataCOMRAM                           33       33       10        1       1
                bssCOMRAM                            43       43        5        1       1
                cinit                              1AC6     1AC6       3C      827       0
                idataCOMRAM                        1BAA     1BAA       10      827       0

TOTAL           Name                               Link     Load   Length     Space
        CLASS   CODE           
                end_init                             F2       F2        4         0
                intcode                               8        8       EA         0
                reset_vec                             0        0        4         0
                text12                             1A6A     1A6A       5C         0
                text11                             199A     199A       6C         0
                text10                             104E     104E      380         0
                text9                              1A06     1A06       64         0
                text8                              16FA     16FA      104         0
                text7                              17FE     17FE       FC         0
                text6                              1B02     1B02       3C         0
                text5                              1B72     1B72       1E         0
                text4                              13CE     13CE      198         0
                text3                              1B90     1B90       1A         0
                text2                              18FA     18FA       A0         0
                text1                              1B3E     1B3E       34         0
                text0                              1566     1566      194         0
                cinit                              1AC6     1AC6       3C         0
                idataCOMRAM                        1BAA     1BAA       10         0

        CLASS   CONST          

        CLASS   SMALLCONST     
                smallconst                         1000     1000       4E         0

        CLASS   MEDIUMCONST    

        CLASS   COMRAM         
                cstackCOMRAM                          1        1       32         1
                dataCOMRAM                           33       33       10         1
                bssCOMRAM                            43       43        5         1

        CLASS   ABS1           

        CLASS   BIGRAM         

        CLASS   RAM            

        CLASS   BANK0          
                cstackBANK0                          C6       C6        B         1
                bssBANK0                             60       60       66         1

        CLASS   BANK1          

        CLASS   BANK2          

        CLASS   BANK3          

        CLASS   BANK4          

        CLASS   BANK5          

        CLASS   BANK6          

        CLASS   BANK7          

        CLASS   BANK8          

        CLASS   BANK9          

        CLASS   BANK10         

        CLASS   BANK11         

        CLASS   BANK12         

        CLASS   BANK13         

        CLASS   BANK14         

        CLASS   BANK15         

        CLASS   SFR            

        CLASS   FARRAM         

        CLASS   CONFIG         
                config                           300000   300000        E         0

        CLASS   IDLOC          
                idloc                            200000   200000        8         0

        CLASS   EEDATA         



SEGMENTS        Name                           Load    Length   Top    Selector   Space  Class

                reset_vec                      000000  000004  000004         0       0  CODE    
                cstackCOMRAM                   000001  000047  000048         1       1  COMRAM  
                intcode                        000008  0000EE  0000F6         4       0  CODE    
                bssBANK0                       000060  000071  0000D1        60       1  BANK0   
                smallconst                     001000  00004E  00104E       800       0  SMALLCON
                text10                         00104E  000B6C  001BBA       827       0  CODE    
                idloc                          200000  000008  200008    200000       0  IDLOC   
                config                         300000  00000E  30000E    300000       0  CONFIG  


UNUSED ADDRESS RANGES

        Name                Unused          Largest block    Delta
        BANK0            0000D1-0000FF               2F
        BANK1            000100-0001FF              100
        BANK10           000A00-000AFF              100
        BANK11           000B00-000BFF              100
        BANK12           000C00-000CFF              100
        BANK13           000D00-000DFF              100
        BANK14           000E00-000EFF              100
        BANK15           000F00-000F5F               60
        BANK2            000200-0002FF              100
        BANK3            000300-0003FF              100
        BANK4            000400-0004FF              100
        BANK5            000500-0005FF              100
        BANK6            000600-0006FF              100
        BANK7            000700-0007FF              100
        BANK8            000800-0008FF              100
        BANK9            000900-0009FF              100
        BIGRAM           000048-00005F               18
                         0000D1-000F5F              E8F
        CODE             000004-000007                4
                         0000F6-000FFF              F0A
                         001BBA-00FFFF             E446
        COMRAM           000048-00005F               18
        CONST            000004-000007                4
                         0000F6-000FFF              F0A
                         001BBA-00FFFF             E446
        EEDATA           F00000-F003FF              400
        MEDIUMCONST      001BBA-00FFFF             E446
        RAM              0000D1-000F5F              100
        SFR              000F60-000FFF               A0
        SMALLCONST       001BBA-00FFFF              100

                                  Symbol Table

?_OpenSPI1                  cstackCOMRAM 000012
?___lwdiv                   cstackCOMRAM 000012
?___lwmod                   cstackCOMRAM 00001A
?_ctrl_lcd_cursor           cstackCOMRAM 00001A
?_envia_dado                cstackCOMRAM 00001A
?_envia_lcd                 cstackCOMRAM 000014
?_mostra_lcd_buff           cstackCOMRAM 00001D
?_pos_lcd                   cstackCOMRAM 00001A
?_sprintf                   cstackCOMRAM 000020
?_tempo_us                  cstackCOMRAM 000012
OpenSPI1@bus_mode           cstackCOMRAM 000013
OpenSPI1@smp_phase          cstackCOMRAM 000014
OpenSPI1@sync_mode          cstackCOMRAM 000012
_ADCON0bits                 (abs)        000FC2
_ADCON1bits                 (abs)        000FC1
_CMCONbits                  (abs)        000FB4
_INTCONbits                 (abs)        000FF2
_IPR1bits                   (abs)        000F9F
_OSCCONbits                 (abs)        000FD3
_OpenSPI1                   text9        001A06
_PIE1bits                   (abs)        000F9D
_PIR1bits                   (abs)        000F9E
_PORTA                      (abs)        000F80
_PORTB                      (abs)        000F81
_PORTBbits                  (abs)        000F81
_PORTC                      (abs)        000F82
_PORTD                      (abs)        000F83
_PORTDbits                  (abs)        000F83
_PORTE                      (abs)        000F84
_PORTF                      (abs)        000F85
_PORTG                      (abs)        000F86
_PORTH                      (abs)        000F87
_PORTJ                      (abs)        000F88
_SPI_Data                   bssBANK0     000060
_SPI_Recv                   bssBANK0     0000A0
_SSP1BUF                    (abs)        000FC9
_SSP1CON1                   (abs)        000FC6
_SSP1CON1bits               (abs)        000FC6
_SSP1STAT                   (abs)        000FC7
_SSP1STATbits               (abs)        000FC7
_T0CONbits                  (abs)        000FD5
_TRISA                      (abs)        000F92
_TRISB                      (abs)        000F93
_TRISC                      (abs)        000F94
_TRISCbits                  (abs)        000F94
_TRISD                      (abs)        000F95
_TRISE                      (abs)        000F96
_TRISF                      (abs)        000F97
_TRISFbits                  (abs)        000F97
_TRISG                      (abs)        000F98
_TRISH                      (abs)        000F99
_TRISJ                      (abs)        000F9A
__CFG_ADDRBW$ADDR20BIT      (abs)        000000
__CFG_BBSIZ$BB2K            (abs)        000000
__CFG_BOREN$OFF             (abs)        000000
__CFG_BORV$3                (abs)        000000
__CFG_CCP2MX$PORTC          (abs)        000000
__CFG_CP0$OFF               (abs)        000000
__CFG_CP1$OFF               (abs)        000000
__CFG_CP2$OFF               (abs)        000000
__CFG_CP3$OFF               (abs)        000000
__CFG_CPB$OFF               (abs)        000000
__CFG_CPD$OFF               (abs)        000000
__CFG_DATABW$DATA16BIT      (abs)        000000
__CFG_EBTR0$OFF             (abs)        000000
__CFG_EBTR1$OFF             (abs)        000000
__CFG_EBTR2$OFF             (abs)        000000
__CFG_EBTR3$OFF             (abs)        000000
__CFG_EBTRB$OFF             (abs)        000000
__CFG_ECCPMX$PORTE          (abs)        000000
__CFG_FCMEN$OFF             (abs)        000000
__CFG_IESO$OFF              (abs)        000000
__CFG_LPT1OSC$OFF           (abs)        000000
__CFG_LVP$OFF               (abs)        000000
__CFG_MCLRE$ON              (abs)        000000
__CFG_MODE$MC               (abs)        000000
__CFG_OSC$INTIO67           (abs)        000000
__CFG_PWRT$OFF              (abs)        000000
__CFG_STVREN$ON             (abs)        000000
__CFG_WAIT$OFF              (abs)        000000
__CFG_WDT$OFF               (abs)        000000
__CFG_WDTPS$32768           (abs)        000000
__CFG_WRT0$OFF              (abs)        000000
__CFG_WRT1$OFF              (abs)        000000
__CFG_WRT2$OFF              (abs)        000000
__CFG_WRT3$OFF              (abs)        000000
__CFG_WRTB$OFF              (abs)        000000
__CFG_WRTC$OFF              (abs)        000000
__CFG_WRTD$OFF              (abs)        000000
__CFG_XINST$OFF             (abs)        000000
__HRAM                      (abs)        000000
__Habs1                     abs1         000000
__Hbank0                    bank0        000000
__Hbank1                    bank1        000000
__Hbank10                   bank10       000000
__Hbank11                   bank11       000000
__Hbank12                   bank12       000000
__Hbank13                   bank13       000000
__Hbank14                   bank14       000000
__Hbank15                   bank15       000000
__Hbank2                    bank2        000000
__Hbank3                    bank3        000000
__Hbank4                    bank4        000000
__Hbank5                    bank5        000000
__Hbank6                    bank6        000000
__Hbank7                    bank7        000000
__Hbank8                    bank8        000000
__Hbank9                    bank9        000000
__Hbigbss                   bigbss       000000
__Hbigdata                  bigdata      000000
__Hbigram                   bigram       000000
__Hbss                      bss          000000
__HbssBANK0                 bssBANK0     000000
__HbssCOMRAM                bssCOMRAM    000000
__Hcinit                    cinit        000000
__Hclrtext                  clrtext      000000
__Hcomram                   comram       000000
__Hconfig                   config       30000E
__Hconst                    const        000000
__HcstackBANK0              cstackBANK0  000000
__HcstackCOMRAM             cstackCOMRAM 000000
__Hdata                     data         000000
__HdataCOMRAM               dataCOMRAM   000000
__Heeprom_data              eeprom_data  000000
__Hend_init                 end_init     0000F6
__Hfarbss                   farbss       000000
__Hfardata                  fardata      000000
__Hibigdata                 ibigdata     000000
__Hidata                    idata        000000
__HidataCOMRAM              idataCOMRAM  000000
__Hidloc                    idloc        200008
__Hifardata                 ifardata     000000
__Hinit                     init         0000F2
__Hintcode                  intcode      0000F2
__Hintcode_body             intcode_body 000000
__Hintcodelo                intcodelo    0000F2
__Hintentry                 intentry     000000
__Hintret                   intret       000000
__Hintsave_regs             intsave_regs 000000
__Hirdata                   irdata       000000
__Hmediumconst              mediumconst  000000
__Hnvbit                    nvbit        000000
__Hnvrram                   nvrram       000000
__Hparam                    rparam       000000
__Hpowerup                  powerup      0000F2
__Hram                      ram          000000
__Hramtop                   ramtop       001000
__Hrbit                     rbit         000000
__Hrbss                     rbss         000000
__Hrdata                    rdata        000000
__Hreset_vec                reset_vec    000004
__Hrparam                   rparam       000000
__Hsfr                      sfr          000000
__Hsmallconst               smallconst   00104E
__Hstruct                   struct       000000
__Htemp                     temp         000000
__Htext                     text         000000
__Htext0                    text0        000000
__Htext1                    text1        000000
__Htext10                   text10       000000
__Htext11                   text11       000000
__Htext12                   text12       000000
__Htext2                    text2        000000
__Htext3                    text3        000000
__Htext4                    text4        000000
__Htext5                    text5        000000
__Htext6                    text6        000000
__Htext7                    text7        000000
__Htext8                    text8        000000
__Htext9                    text9        000000
__LRAM                      (abs)        000001
__Labs1                     abs1         000000
__Lbank0                    bank0        000000
__Lbank1                    bank1        000000
__Lbank10                   bank10       000000
__Lbank11                   bank11       000000
__Lbank12                   bank12       000000
__Lbank13                   bank13       000000
__Lbank14                   bank14       000000
__Lbank15                   bank15       000000
__Lbank2                    bank2        000000
__Lbank3                    bank3        000000
__Lbank4                    bank4        000000
__Lbank5                    bank5        000000
__Lbank6                    bank6        000000
__Lbank7                    bank7        000000
__Lbank8                    bank8        000000
__Lbank9                    bank9        000000
__Lbigbss                   bigbss       000000
__Lbigdata                  bigdata      000000
__Lbigram                   bigram       000000
__Lbss                      bss          000000
__LbssBANK0                 bssBANK0     000000
__LbssCOMRAM                bssCOMRAM    000000
__Lcinit                    cinit        000000
__Lclrtext                  clrtext      000000
__Lcomram                   comram       000000
__Lconfig                   config       300000
__Lconst                    const        000000
__LcstackBANK0              cstackBANK0  000000
__LcstackCOMRAM             cstackCOMRAM 000000
__Ldata                     data         000000
__LdataCOMRAM               dataCOMRAM   000000
__Leeprom_data              eeprom_data  000000
__Lend_init                 end_init     0000F2
__Lfarbss                   farbss       000000
__Lfardata                  fardata      000000
__Libigdata                 ibigdata     000000
__Lidata                    idata        000000
__LidataCOMRAM              idataCOMRAM  000000
__Lidloc                    idloc        200000
__Lifardata                 ifardata     000000
__Linit                     init         0000F2
__Lintcode                  intcode      000008
__Lintcode_body             intcode_body 000000
__Lintcodelo                intcodelo    0000F2
__Lintentry                 intentry     000000
__Lintret                   intret       000000
__Lintsave_regs             intsave_regs 000000
__Lirdata                   irdata       000000
__Lmediumconst              mediumconst  000000
__Lnvbit                    nvbit        000000
__Lnvrram                   nvrram       000000
__Lparam                    rparam       000000
__Lpowerup                  powerup      0000F2
__Lram                      ram          000000
__Lramtop                   ramtop       001000
__Lrbit                     rbit         000000
__Lrbss                     rbss         000000
__Lrdata                    rdata        000000
__Lreset_vec                reset_vec    000000
__Lrparam                   rparam       000000
__Lsfr                      sfr          000000
__Lsmallconst               smallconst   001000
__Lstruct                   struct       000000
__Ltemp                     temp         000000
__Ltext                     text         000000
__Ltext0                    text0        000000
__Ltext1                    text1        000000
__Ltext10                   text10       000000
__Ltext11                   text11       000000
__Ltext12                   text12       000000
__Ltext2                    text2        000000
__Ltext3                    text3        000000
__Ltext4                    text4        000000
__Ltext5                    text5        000000
__Ltext6                    text6        000000
__Ltext7                    text7        000000
__Ltext8                    text8        000000
__Ltext9                    text9        000000
__S0                        (abs)        30000E
__S1                        (abs)        0000D1
___lwdiv                    text11       00199A
___lwdiv@counter            cstackCOMRAM 000017
___lwdiv@dividend           cstackCOMRAM 000012
___lwdiv@divisor            cstackCOMRAM 000014
___lwdiv@quotient           cstackCOMRAM 000018
___lwmod                    text12       001A6A
___lwmod@counter            cstackCOMRAM 00001F
___lwmod@dividend           cstackCOMRAM 00001A
___lwmod@divisor            cstackCOMRAM 00001C
__accesstop                 (abs)        000060
__activetblptr              (abs)        000003
__end_of_OpenSPI1           text9        001A6A
__end_of___lwdiv            text11       001A06
__end_of___lwmod            text12       001AC6
__end_of__initialization    cinit        001AFC
__end_of__stringdata        smallconst   00104C
__end_of_ctrl_lcd_cursor    text6        001B3E
__end_of_dpowers            smallconst   00100A
__end_of_envia_dado         text3        001BAA
__end_of_envia_lcd          text7        0018FA
__end_of_hexpowers          smallconst   001012
__end_of_lcd_start          text4        001566
__end_of_limpa_tela         text5        001B90
__end_of_main               text0        0016FA
__end_of_mostra_lcd_buff    text1        001B72
__end_of_pos_lcd            text2        00199A
__end_of_receiveData        intcode      0000F2
__end_of_sprintf            text10       0013CE
__end_of_tempo_us           text8        0017FE
__initialization            cinit        001AC6
__mediumconst               mediumconst  000000
__pbssBANK0                 bssBANK0     000060
__pbssCOMRAM                bssCOMRAM    000043
__pcinit                    cinit        001AC6
__pcstackBANK0              cstackBANK0  0000C6
__pcstackCOMRAM             cstackCOMRAM 000001
__pdataCOMRAM               dataCOMRAM   000033
__pidataCOMRAM              idataCOMRAM  001BAA
__pintcode                  intcode      000008
__psmallconst               smallconst   001000
__ptext0                    text0        001566
__ptext1                    text1        001B3E
__ptext10                   text10       00104E
__ptext11                   text11       00199A
__ptext12                   text12       001A6A
__ptext2                    text2        0018FA
__ptext3                    text3        001B90
__ptext4                    text4        0013CE
__ptext5                    text5        001B72
__ptext6                    text6        001B02
__ptext7                    text7        0017FE
__ptext8                    text8        0016FA
__ptext9                    text9        001A06
__ramtop                    ramtop       001000
__size_of_OpenSPI1          (abs)        000000
__size_of___lwdiv           (abs)        000000
__size_of___lwmod           (abs)        000000
__size_of_ctrl_lcd_cursor   (abs)        000000
__size_of_envia_dado        (abs)        000000
__size_of_envia_lcd         (abs)        000000
__size_of_lcd_start         (abs)        000000
__size_of_limpa_tela        (abs)        000000
__size_of_main              (abs)        000000
__size_of_mostra_lcd_buff   (abs)        000000
__size_of_pos_lcd           (abs)        000000
__size_of_receiveData       (abs)        000000
__size_of_sprintf           (abs)        000000
__size_of_tempo_us          (abs)        000000
__smallconst                smallconst   001000
__stringdata                smallconst   001012
_ctrl_lcd_cursor            text6        001B02
_dpowers                    smallconst   001000
_envia_dado                 text3        001B90
_envia_lcd                  text7        0017FE
_hexpowers                  smallconst   00100A
_i                          bssCOMRAM    000043
_lcd_start                  text4        0013CE
_limpa_tela                 text5        001B72
_main                       text0        001566
_mensagem_lcd               bssBANK0     0000B5
_mostra_lcd_buff            text1        001B3E
_nBytes_SPI                 bssCOMRAM    000047
_pos_lcd                    text2        0018FA
_receiveData                intcode      000008
_sprintf                    text10       00104E
_tempo_us                   text8        0016FA
_transmissoes               bssCOMRAM    000045
_update_lcd                 dataCOMRAM   000042
ctrl_lcd_cursor@F7238       dataCOMRAM   000039
ctrl_lcd_cursor@comando     cstackCOMRAM 00001C
ctrl_lcd_cursor@controle    cstackCOMRAM 00001A
end_of_initialization       cinit        001AFC
envia_dado@dado             cstackCOMRAM 00001A
envia_lcd@byte              cstackCOMRAM 000014
envia_lcd@cmd_data          cstackCOMRAM 000015
envia_lcd@delay             cstackCOMRAM 000016
intlevel0                   text         000000
intlevel1                   text         000000
intlevel2                   text         000000
intlevel3                   text         000000
lcd_start@F7252             dataCOMRAM   000033
lcd_start@contagem          cstackCOMRAM 000022
lcd_start@lcd_conf          cstackCOMRAM 000023
mostra_lcd_buff@buffer_size cstackCOMRAM 000021
mostra_lcd_buff@column      cstackCOMRAM 00001E
mostra_lcd_buff@line        cstackCOMRAM 00001D
mostra_lcd_buff@p_char      cstackCOMRAM 00001F
move_cursor@F7230           dataCOMRAM   00003E
move_mensagem@F7234         dataCOMRAM   000040
pos_lcd@column              cstackCOMRAM 00001B
pos_lcd@line                cstackCOMRAM 00001A
sprintf@_val                cstackBANK0  0000CB
sprintf@ap                  cstackBANK0  0000C7
sprintf@c                   cstackBANK0  0000D0
sprintf@f                   cstackCOMRAM 000022
sprintf@flag                cstackBANK0  0000CA
sprintf@idx                 cstackBANK0  0000C6
sprintf@prec                cstackBANK0  0000C9
sprintf@sp                  cstackCOMRAM 000020
start                       init         0000F2
start_initialization        cinit        001AC6
tempo_us@tempo              cstackCOMRAM 000012


FUNCTION INFORMATION:

 *************** function _main *****************
 Defined at:
		line 57 in file "../main.c"
 Parameters:    Size  Location     Type
		None
 Auto vars:     Size  Location     Type
		None
 Return value:  Size  Location     Type
		None               void
 Registers used:
		wreg, fsr1l, fsr1h, fsr2l, fsr2h, status,2, status,0, tblptrl, tblptrh, tblptru, prodl, prodh, cstack
 Tracked objects:
		On entry : 
		On exit  : 
		Unchanged: 
 Data sizes:     COMRAM   BANK0   BANK1   BANK2   BANK3   BANK4   BANK5   BANK6   BANK7   BANK8   BANK9  BANK10  BANK11  BANK12  BANK13  BANK14  BANK15
      Params:         0       0       0       0       0       0       0       0       0       0       0       0       0       0       0       0       0
      Locals:         0       0       0       0       0       0       0       0       0       0       0       0       0       0       0       0       0
      Temps:          3       0       0       0       0       0       0       0       0       0       0       0       0       0       0       0       0
      Totals:         3       0       0       0       0       0       0       0       0       0       0       0       0       0       0       0       0
Total ram usage:        3 bytes
 Hardware stack levels required when called:    5
 This function calls:
		_lcd_start
		_OpenSPI1
		_sprintf
		_mostra_lcd_buff
 This function is called by:
		Startup code after reset
 This function uses a non-reentrant model


 *************** function _mostra_lcd_buff *****************
 Defined at:
		line 186 in file "../LCD_16x2_Pic18.h"
 Parameters:    Size  Location     Type
  line            1   28[COMRAM] unsigned char 
  column          1   29[COMRAM] unsigned char 
  p_char          2   30[COMRAM] PTR unsigned char 
		 -> mensagem_lcd(17), 
  buffer_size     1   32[COMRAM] unsigned char 
 Auto vars:     Size  Location     Type
		None
 Return value:  Size  Location     Type
		None               void
 Registers used:
		wreg, fsr2l, fsr2h, status,2, status,0, cstack
 Tracked objects:
		On entry : 
		On exit  : 
		Unchanged: 
 Data sizes:     COMRAM   BANK0   BANK1   BANK2   BANK3   BANK4   BANK5   BANK6   BANK7   BANK8   BANK9  BANK10  BANK11  BANK12  BANK13  BANK14  BANK15
      Params:         5       0       0       0       0       0       0       0       0       0       0       0       0       0       0       0       0
      Locals:         0       0       0       0       0       0       0       0       0       0       0       0       0       0       0       0       0
      Temps:          0       0       0       0       0       0       0       0       0       0       0       0       0       0       0       0       0
      Totals:         5       0       0       0       0       0       0       0       0       0       0       0       0       0       0       0       0
Total ram usage:        5 bytes
 Hardware stack levels used:    1
 Hardware stack levels required when called:    4
 This function calls:
		_pos_lcd
		_envia_dado
 This function is called by:
		_main
 This function uses a non-reentrant model


 *************** function _pos_lcd *****************
 Defined at:
		line 155 in file "../LCD_16x2_Pic18.h"
 Parameters:    Size  Location     Type
  line            1   25[COMRAM] unsigned char 
  column          1   26[COMRAM] unsigned char 
 Auto vars:     Size  Location     Type
		None
 Return value:  Size  Location     Type
		None               void
 Registers used:
		wreg, status,2, status,0, cstack
 Tracked objects:
		On entry : 
		On exit  : 
		Unchanged: 
 Data sizes:     COMRAM   BANK0   BANK1   BANK2   BANK3   BANK4   BANK5   BANK6   BANK7   BANK8   BANK9  BANK10  BANK11  BANK12  BANK13  BANK14  BANK15
      Params:         2       0       0       0       0       0       0       0       0       0       0       0       0       0       0       0       0
      Locals:         0       0       0       0       0       0       0       0       0       0       0       0       0       0       0       0       0
      Temps:          1       0       0       0       0       0       0       0       0       0       0       0       0       0       0       0       0
      Totals:         3       0       0       0       0       0       0       0       0       0       0       0       0       0       0       0       0
Total ram usage:        3 bytes
 Hardware stack levels used:    1
 Hardware stack levels required when called:    3
 This function calls:
		_envia_lcd
 This function is called by:
		_mostra_lcd_buff
		_mostra_lcd_string
 This function uses a non-reentrant model


 *************** function _envia_dado *****************
 Defined at:
		line 168 in file "../LCD_16x2_Pic18.h"
 Parameters:    Size  Location     Type
  dado            1   25[COMRAM] unsigned char 
 Auto vars:     Size  Location     Type
		None
 Return value:  Size  Location     Type
		None               void
 Registers used:
		wreg, status,2, status,0, cstack
 Tracked objects:
		On entry : 
		On exit  : 
		Unchanged: 
 Data sizes:     COMRAM   BANK0   BANK1   BANK2   BANK3   BANK4   BANK5   BANK6   BANK7   BANK8   BANK9  BANK10  BANK11  BANK12  BANK13  BANK14  BANK15
      Params:         1       0       0       0       0       0       0       0       0       0       0       0       0       0       0       0       0
      Locals:         0       0       0       0       0       0       0       0       0       0       0       0       0       0       0       0       0
      Temps:          1       0       0       0       0       0       0       0       0       0       0       0       0       0       0       0       0
      Totals:         2       0       0       0       0       0       0       0       0       0       0       0       0       0       0       0       0
Total ram usage:        2 bytes
 Hardware stack levels used:    1
 Hardware stack levels required when called:    3
 This function calls:
		_envia_lcd
 This function is called by:
		_mostra_lcd_buff
		_mostra_lcd_string
 This function uses a non-reentrant model


 *************** function _lcd_start *****************
 Defined at:
		line 204 in file "../LCD_16x2_Pic18.h"
 Parameters:    Size  Location     Type
		None
 Auto vars:     Size  Location     Type
  lcd_conf        6   34[COMRAM] unsigned char [6]
  contagem        1   33[COMRAM] unsigned char 
 Return value:  Size  Location     Type
		None               void
 Registers used:
		wreg, fsr1l, fsr1h, fsr2l, fsr2h, status,2, status,0, prodl, prodh, cstack
 Tracked objects:
		On entry : 
		On exit  : 
		Unchanged: 
 Data sizes:     COMRAM   BANK0   BANK1   BANK2   BANK3   BANK4   BANK5   BANK6   BANK7   BANK8   BANK9  BANK10  BANK11  BANK12  BANK13  BANK14  BANK15
      Params:         0       0       0       0       0       0       0       0       0       0       0       0       0       0       0       0       0
      Locals:         7       0       0       0       0       0       0       0       0       0       0       0       0       0       0       0       0
      Temps:          1       0       0       0       0       0       0       0       0       0       0       0       0       0       0       0       0
      Totals:         8       0       0       0       0       0       0       0       0       0       0       0       0       0       0       0       0
Total ram usage:        8 bytes
 Hardware stack levels used:    1
 Hardware stack levels required when called:    4
 This function calls:
		_tempo_us
		_envia_lcd
		_limpa_tela
		_ctrl_lcd_cursor
 This function is called by:
		_main
 This function uses a non-reentrant model


 *************** function _limpa_tela *****************
 Defined at:
		line 123 in file "../LCD_16x2_Pic18.h"
 Parameters:    Size  Location     Type
		None
 Auto vars:     Size  Location     Type
		None
 Return value:  Size  Location     Type
		None               void
 Registers used:
		wreg, status,2, status,0, cstack
 Tracked objects:
		On entry : 
		On exit  : 
		Unchanged: 
 Data sizes:     COMRAM   BANK0   BANK1   BANK2   BANK3   BANK4   BANK5   BANK6   BANK7   BANK8   BANK9  BANK10  BANK11  BANK12  BANK13  BANK14  BANK15
      Params:         0       0       0       0       0       0       0       0       0       0       0       0       0       0       0       0       0
      Locals:         0       0       0       0       0       0       0       0       0       0       0       0       0       0       0       0       0
      Temps:          2       0       0       0       0       0       0       0       0       0       0       0       0       0       0       0       0
      Totals:         2       0       0       0       0       0       0       0       0       0       0       0       0       0       0       0       0
Total ram usage:        2 bytes
 Hardware stack levels used:    1
 Hardware stack levels required when called:    3
 This function calls:
		_envia_lcd
 This function is called by:
		_lcd_start
 This function uses a non-reentrant model


 *************** function _ctrl_lcd_cursor *****************
 Defined at:
		line 148 in file "../LCD_16x2_Pic18.h"
 Parameters:    Size  Location     Type
  controle        1   25[COMRAM] unsigned char 
 Auto vars:     Size  Location     Type
  comando         5   27[COMRAM] unsigned char [5]
 Return value:  Size  Location     Type
		None               void
 Registers used:
		wreg, fsr1l, fsr1h, fsr2l, fsr2h, status,2, status,0, prodl, prodh, cstack
 Tracked objects:
		On entry : 
		On exit  : 
		Unchanged: 
 Data sizes:     COMRAM   BANK0   BANK1   BANK2   BANK3   BANK4   BANK5   BANK6   BANK7   BANK8   BANK9  BANK10  BANK11  BANK12  BANK13  BANK14  BANK15
      Params:         1       0       0       0       0       0       0       0       0       0       0       0       0       0       0       0       0
      Locals:         5       0       0       0       0       0       0       0       0       0       0       0       0       0       0       0       0
      Temps:          1       0       0       0       0       0       0       0       0       0       0       0       0       0       0       0       0
      Totals:         7       0       0       0       0       0       0       0       0       0       0       0       0       0       0       0       0
Total ram usage:        7 bytes
 Hardware stack levels used:    1
 Hardware stack levels required when called:    3
 This function calls:
		_envia_lcd
 This function is called by:
		_lcd_start
 This function uses a non-reentrant model


 *************** function _envia_lcd *****************
 Defined at:
		line 95 in file "../LCD_16x2_Pic18.h"
 Parameters:    Size  Location     Type
  byte            1   19[COMRAM] unsigned char 
  cmd_data        1   20[COMRAM] unsigned char 
  delay           2   21[COMRAM] int 
 Auto vars:     Size  Location     Type
		None
 Return value:  Size  Location     Type
		None               void
 Registers used:
		wreg, status,2, status,0, cstack
 Tracked objects:
		On entry : 
		On exit  : 
		Unchanged: 
 Data sizes:     COMRAM   BANK0   BANK1   BANK2   BANK3   BANK4   BANK5   BANK6   BANK7   BANK8   BANK9  BANK10  BANK11  BANK12  BANK13  BANK14  BANK15
      Params:         4       0       0       0       0       0       0       0       0       0       0       0       0       0       0       0       0
      Locals:         0       0       0       0       0       0       0       0       0       0       0       0       0       0       0       0       0
      Temps:          2       0       0       0       0       0       0       0       0       0       0       0       0       0       0       0       0
      Totals:         6       0       0       0       0       0       0       0       0       0       0       0       0       0       0       0       0
Total ram usage:        6 bytes
 Hardware stack levels used:    1
 Hardware stack levels required when called:    2
 This function calls:
		_tempo_us
 This function is called by:
		_limpa_tela
		_ctrl_lcd_cursor
		_pos_lcd
		_envia_dado
		_lcd_start
		_volta_cursor
		_move_cursor
		_move_mensagem
 This function uses a non-reentrant model


 *************** function _tempo_us *****************
 Defined at:
		line 25 in file "../LCD_16x2_Pic18.h"
 Parameters:    Size  Location     Type
  tempo           2   17[COMRAM] int 
 Auto vars:     Size  Location     Type
		None
 Return value:  Size  Location     Type
		None               void
 Registers used:
		wreg, status,2, status,0
 Tracked objects:
		On entry : 
		On exit  : 
		Unchanged: 
 Data sizes:     COMRAM   BANK0   BANK1   BANK2   BANK3   BANK4   BANK5   BANK6   BANK7   BANK8   BANK9  BANK10  BANK11  BANK12  BANK13  BANK14  BANK15
      Params:         2       0       0       0       0       0       0       0       0       0       0       0       0       0       0       0       0
      Locals:         0       0       0       0       0       0       0       0       0       0       0       0       0       0       0       0       0
      Temps:          0       0       0       0       0       0       0       0       0       0       0       0       0       0       0       0       0
      Totals:         2       0       0       0       0       0       0       0       0       0       0       0       0       0       0       0       0
Total ram usage:        2 bytes
 Hardware stack levels used:    1
 Hardware stack levels required when called:    1
 This function calls:
		Nothing
 This function is called by:
		_envia_lcd
		_lcd_start
 This function uses a non-reentrant model


 *************** function _OpenSPI1 *****************
 Defined at:
		line 14 in file "plib/SPI/spi1open.c"
 Parameters:    Size  Location     Type
  sync_mode       1   17[COMRAM] unsigned char 
  bus_mode        1   18[COMRAM] unsigned char 
  smp_phase       1   19[COMRAM] unsigned char 
 Auto vars:     Size  Location     Type
		None
 Return value:  Size  Location     Type
		None               void
 Registers used:
		wreg, status,2, status,0
 Tracked objects:
		On entry : 
		On exit  : 
		Unchanged: 
 Data sizes:     COMRAM   BANK0   BANK1   BANK2   BANK3   BANK4   BANK5   BANK6   BANK7   BANK8   BANK9  BANK10  BANK11  BANK12  BANK13  BANK14  BANK15
      Params:         3       0       0       0       0       0       0       0       0       0       0       0       0       0       0       0       0
      Locals:         0       0       0       0       0       0       0       0       0       0       0       0       0       0       0       0       0
      Temps:          0       0       0       0       0       0       0       0       0       0       0       0       0       0       0       0       0
      Totals:         3       0       0       0       0       0       0       0       0       0       0       0       0       0       0       0       0
Total ram usage:        3 bytes
 Hardware stack levels used:    1
 Hardware stack levels required when called:    1
 This function calls:
		Nothing
 This function is called by:
		_main
 This function uses a non-reentrant model


 *************** function _sprintf *****************
 Defined at:
		line 493 in file "/Applications/microchip/xc8/v1.12/sources/doprnt.c"
 Parameters:    Size  Location     Type
  sp              2   31[COMRAM] PTR unsigned char 
		 -> mensagem_lcd(17), 
  f               2   33[COMRAM] PTR const unsigned char 
		 -> STR_2(24), STR_1(17), 
 Auto vars:     Size  Location     Type
  idx             1    0[BANK0 ] unsigned char 
  _val            5    5[BANK0 ] struct .
  ap              2    1[BANK0 ] PTR void [1]
		 -> ?_sprintf(2), 
  c               1   10[BANK0 ] char 
  flag            1    4[BANK0 ] unsigned char 
  prec            1    3[BANK0 ] char 
 Return value:  Size  Location     Type
                  2   31[COMRAM] int 
 Registers used:
		wreg, fsr2l, fsr2h, status,2, status,0, tblptrl, tblptrh, tblptru, prodl, prodh, cstack
 Tracked objects:
		On entry : 
		On exit  : 
		Unchanged: 
 Data sizes:     COMRAM   BANK0   BANK1   BANK2   BANK3   BANK4   BANK5   BANK6   BANK7   BANK8   BANK9  BANK10  BANK11  BANK12  BANK13  BANK14  BANK15
      Params:        14       0       0       0       0       0       0       0       0       0       0       0       0       0       0       0       0
      Locals:         0      11       0       0       0       0       0       0       0       0       0       0       0       0       0       0       0
      Temps:          2       0       0       0       0       0       0       0       0       0       0       0       0       0       0       0       0
      Totals:        16      11       0       0       0       0       0       0       0       0       0       0       0       0       0       0       0
Total ram usage:       27 bytes
 Hardware stack levels used:    1
 Hardware stack levels required when called:    2
 This function calls:
		___lwdiv
		___lwmod
 This function is called by:
		_main
 This function uses a non-reentrant model


 *************** function ___lwdiv *****************
 Defined at:
		line 10 in file "/Applications/microchip/xc8/v1.12/sources/lwdiv.c"
 Parameters:    Size  Location     Type
  dividend        2   17[COMRAM] unsigned int 
  divisor         2   19[COMRAM] unsigned int 
 Auto vars:     Size  Location     Type
  quotient        2   23[COMRAM] unsigned int 
  counter         1   22[COMRAM] unsigned char 
 Return value:  Size  Location     Type
                  2   17[COMRAM] unsigned int 
 Registers used:
		wreg, status,2, status,0
 Tracked objects:
		On entry : 
		On exit  : 
		Unchanged: 
 Data sizes:     COMRAM   BANK0   BANK1   BANK2   BANK3   BANK4   BANK5   BANK6   BANK7   BANK8   BANK9  BANK10  BANK11  BANK12  BANK13  BANK14  BANK15
      Params:         4       0       0       0       0       0       0       0       0       0       0       0       0       0       0       0       0
      Locals:         3       0       0       0       0       0       0       0       0       0       0       0       0       0       0       0       0
      Temps:          1       0       0       0       0       0       0       0       0       0       0       0       0       0       0       0       0
      Totals:         8       0       0       0       0       0       0       0       0       0       0       0       0       0       0       0       0
Total ram usage:        8 bytes
 Hardware stack levels used:    1
 Hardware stack levels required when called:    1
 This function calls:
		Nothing
 This function is called by:
		_sprintf
 This function uses a non-reentrant model


 *************** function ___lwmod *****************
 Defined at:
		line 10 in file "/Applications/microchip/xc8/v1.12/sources/lwmod.c"
 Parameters:    Size  Location     Type
  dividend        2   25[COMRAM] unsigned int 
  divisor         2   27[COMRAM] unsigned int 
 Auto vars:     Size  Location     Type
  counter         1   30[COMRAM] unsigned char 
 Return value:  Size  Location     Type
                  2   25[COMRAM] unsigned int 
 Registers used:
		wreg, status,2, status,0
 Tracked objects:
		On entry : 
		On exit  : 
		Unchanged: 
 Data sizes:     COMRAM   BANK0   BANK1   BANK2   BANK3   BANK4   BANK5   BANK6   BANK7   BANK8   BANK9  BANK10  BANK11  BANK12  BANK13  BANK14  BANK15
      Params:         4       0       0       0       0       0       0       0       0       0       0       0       0       0       0       0       0
      Locals:         1       0       0       0       0       0       0       0       0       0       0       0       0       0       0       0       0
      Temps:          1       0       0       0       0       0       0       0       0       0       0       0       0       0       0       0       0
      Totals:         6       0       0       0       0       0       0       0       0       0       0       0       0       0       0       0       0
Total ram usage:        6 bytes
 Hardware stack levels used:    1
 Hardware stack levels required when called:    1
 This function calls:
		Nothing
 This function is called by:
		_sprintf
 This function uses a non-reentrant model


 *************** function _receiveData *****************
 Defined at:
		line 25 in file "../main.c"
 Parameters:    Size  Location     Type
		None
 Auto vars:     Size  Location     Type
		None
 Return value:  Size  Location     Type
		None               void
 Registers used:
		wreg, fsr2l, fsr2h, status,2, status,0
 Tracked objects:
		On entry : 
		On exit  : 
		Unchanged: 
 Data sizes:     COMRAM   BANK0   BANK1   BANK2   BANK3   BANK4   BANK5   BANK6   BANK7   BANK8   BANK9  BANK10  BANK11  BANK12  BANK13  BANK14  BANK15
      Params:         0       0       0       0       0       0       0       0       0       0       0       0       0       0       0       0       0
      Locals:         0       0       0       0       0       0       0       0       0       0       0       0       0       0       0       0       0
      Temps:         17       0       0       0       0       0       0       0       0       0       0       0       0       0       0       0       0
      Totals:        17       0       0       0       0       0       0       0       0       0       0       0       0       0       0       0       0
Total ram usage:       17 bytes
 Hardware stack levels used:    1
 This function calls:
		Nothing
 This function is called by:
		Interrupt level 2
 This function uses a non-reentrant model



MODULE INFORMATION

Module		Function		Class		Link	Load	Size
../main.c
		_main          		CODE           	1566	0000	404
		_receiveData   		CODE           	0008	0000	234

../main.c estimated size: 638

plib/SPI/spi1open.c
		_OpenSPI1      		CODE           	1A06	0000	100

plib/SPI/spi1open.c estimated size: 100

../LCD_16x2_Pic18.h
		_ctrl_lcd_curso		CODE           	1B02	0000	60
		_tempo_us      		CODE           	16FA	0000	260
		_pos_lcd       		CODE           	18FA	0000	160
		_lcd_start     		CODE           	13CE	0000	408
		_envia_lcd     		CODE           	17FE	0000	252
		_mostra_lcd_buf		CODE           	1B3E	0000	52
		_envia_dado    		CODE           	1B90	0000	26
		_limpa_tela    		CODE           	1B72	0000	30

../LCD_16x2_Pic18.h estimated size: 1248

shared
		__stringdata   		SMALLCONST     	1012	0000	58
		_dpowers       		SMALLCONST     	1000	0000	10
		__initializatio		CODE           	1AC6	0000	54
		_hexpowers     		SMALLCONST     	100A	0000	8

shared estimated size: 130

/Applications/microchip/xc8/v1.12/sources/lwmod.c
		___lwmod       		CODE           	1A6A	0000	92

/Applications/microchip/xc8/v1.12/sources/lwmod.c estimated size: 92

/Applications/microchip/xc8/v1.12/sources/lwdiv.c
		___lwdiv       		CODE           	199A	0000	108

/Applications/microchip/xc8/v1.12/sources/lwdiv.c estimated size: 108

/Applications/microchip/xc8/v1.12/sources/doprnt.c
		_sprintf       		CODE           	104E	0000	896

/Applications/microchip/xc8/v1.12/sources/doprnt.c estimated size: 896

