Microchip MPLAB XC8 Compiler V1.12 ()

Linker command line:

--edf=/Applications/microchip/xc8/v1.12/dat/en_msgs.txt -cs \
  -h+dist/default/production/Master.X.production.sym -z -Q18F4550 -ol.obj \
  -Mdist/default/production/Master.X.production.map -E1 -ver=XC8 \
  -ACODE=00h-07FFFh -ACONST=00h-07FFFh -ASMALLCONST=0800h-08FFhx120 \
  -AMEDIUMCONST=0800h-07FFFh -ACOMRAM=01h-05Fh -AABS1=00h-07FFh \
  -ABIGRAM=01h-07FFh -ARAM=060h-0FFh,0100h-01FFhx7 -ABANK0=060h-0FFh \
  -ABANK1=0100h-01FFh -ABANK2=0200h-02FFh -ABANK3=0300h-03FFh \
  -ABANK4=0400h-04FFh -ABANK5=0500h-05FFh -ABANK6=0600h-06FFh \
  -ABANK7=0700h-07FFh -ASFR=0F60h-0FFFh \
  -preset_vec=00h,intcode,intcodelo,powerup,init,end_init -pramtop=0800h \
  -psmallconst=SMALLCONST -pmediumconst=MEDIUMCONST -pconst=CONST \
  -AFARRAM=00h-00h -ACONFIG=0300000h-030000Dh -pconfig=CONFIG \
  -AIDLOC=0200000h-0200007h -pidloc=IDLOC -AEEDATA=0F00000h-0F000FFh \
  -peeprom_data=EEDATA \
  -prdata=COMRAM,nvrram=COMRAM,nvbit=COMRAM,rbss=COMRAM,rbit=COMRAM \
  -pfarbss=FARRAM,fardata=FARRAM \
  -pintsave_regs=BIGRAM,bigbss=BIGRAM,bigdata=BIGRAM -pbss=RAM \
  -pidata=CODE,irdata=CODE,ibigdata=CODE,ifardata=CODE /tmp/cgtPAzj2W.obj \
  dist/default/production/Master.X.production.obj 

Object code version is 3.10

Machine type is 18F4550

Call graph: (short form)




                Name                               Link     Load   Length Selector   Space Scale
/tmp/cgtPAzj2W.obj
                end_init                              0        0        4        0       0
                idloc                            200000   200000        8   200000       0
                config                           300000   300000        E   300000       0
dist/default/production/Master.X.production.obj
                smallconst                          800      800       12      400       0
                text12                              F50      F50       18      409       0
                text11                              EE8      EE8       30      409       0
                text10                              DF6      DF6       48      409       0
                text9                               D92      D92       64      409       0
                text8                               AF2      AF2      104      409       0
                text7                               BF6      BF6       FC      409       0
                text6                               F18      F18       1E      409       0
                text5                               E3E      E3E       3C      409       0
                text4                               CF2      CF2       A0      409       0
                text3                               F36      F36       1A      409       0
                text2                               EB4      EB4       34      409       0
                text1                               812      812      198      409       0
                text0                               9AA      9AA      148      409       0
                cstackCOMRAM                          1        1       1A        1       1
                dataCOMRAM                           2C       2C        F        1       1
                bssCOMRAM                            1B       1B       11        1       1
                cinit                               E7A      E7A       3A      409       0
                idataCOMRAM                         F68      F68        F      409       0

TOTAL           Name                               Link     Load   Length     Space
        CLASS   CODE           
                end_init                              0        0        4         0
                text12                              F50      F50       18         0
                text11                              EE8      EE8       30         0
                text10                              DF6      DF6       48         0
                text9                               D92      D92       64         0
                text8                               AF2      AF2      104         0
                text7                               BF6      BF6       FC         0
                text6                               F18      F18       1E         0
                text5                               E3E      E3E       3C         0
                text4                               CF2      CF2       A0         0
                text3                               F36      F36       1A         0
                text2                               EB4      EB4       34         0
                text1                               812      812      198         0
                text0                               9AA      9AA      148         0
                cinit                               E7A      E7A       3A         0
                idataCOMRAM                         F68      F68        F         0

        CLASS   CONST          

        CLASS   SMALLCONST     
                smallconst                          800      800       12         0

        CLASS   MEDIUMCONST    

        CLASS   COMRAM         
                cstackCOMRAM                          1        1       1A         1
                dataCOMRAM                           2C       2C        F         1
                bssCOMRAM                            1B       1B       11         1

        CLASS   ABS1           

        CLASS   BIGRAM         

        CLASS   RAM            

        CLASS   BANK0          

        CLASS   BANK1          

        CLASS   BANK2          

        CLASS   BANK3          

        CLASS   BANK4          

        CLASS   BANK5          

        CLASS   BANK6          

        CLASS   BANK7          

        CLASS   SFR            

        CLASS   FARRAM         

        CLASS   CONFIG         
                config                           300000   300000        E         0

        CLASS   IDLOC          
                idloc                            200000   200000        8         0

        CLASS   EEDATA         



SEGMENTS        Name                           Load    Length   Top    Selector   Space  Class

                reset_vec                      000000  000004  000004         0       0  CODE    
                cstackCOMRAM                   000001  00003A  00003B         1       1  COMRAM  
                smallconst                     000800  000012  000812       400       0  SMALLCON
                text1                          000812  000765  000F77       409       0  CODE    
                idloc                          200000  000008  200008    200000       0  IDLOC   
                config                         300000  00000E  30000E    300000       0  CONFIG  


UNUSED ADDRESS RANGES

        Name                Unused          Largest block    Delta
        BANK0            000060-0000FF               A0
        BANK1            000100-0001FF              100
        BANK2            000200-0002FF              100
        BANK3            000300-0003FF              100
        BANK4            000400-0004FF              100
        BANK5            000500-0005FF              100
        BANK6            000600-0006FF              100
        BANK7            000700-0007FF              100
        BIGRAM           00003B-0007FF              7C5
        CODE             000004-0007FF              7FC
                         000F77-007FFF             7089
        COMRAM           00003B-00005F               25
        CONST            000004-0007FF              7FC
                         000F77-007FFF             7089
        EEDATA           F00000-F000FF              100
        MEDIUMCONST      000F77-007FFF             7089
        RAM              000060-0007FF              100
        SFR              000F60-000FFF               A0
        SMALLCONST       000F77-007FFF              100

                                  Symbol Table

?_Delay10KTCYx              cstackCOMRAM 000001
?_OpenSPI                   cstackCOMRAM 000001
?_WriteSPI                  cstackCOMRAM 000001
?_ctrl_lcd_cursor           cstackCOMRAM 000009
?_envia_dado                cstackCOMRAM 000009
?_envia_lcd                 cstackCOMRAM 000003
?_mostra_lcd_buff           cstackCOMRAM 00000C
?_pos_lcd                   cstackCOMRAM 000009
?_sprintf                   cstackCOMRAM 000001
?_tempo_us                  cstackCOMRAM 000001
Delay10KTCYx@unit           cstackCOMRAM 000001
OpenSPI@bus_mode            cstackCOMRAM 000002
OpenSPI@smp_phase           cstackCOMRAM 000003
OpenSPI@sync_mode           cstackCOMRAM 000001
WriteSPI@TempVar            cstackCOMRAM 000002
WriteSPI@data_out           cstackCOMRAM 000001
_ADCON1bits                 (abs)        000FC1
_CMCONbits                  (abs)        000FB4
_Delay10KTCYx               text12       000F50
_LATAbits                   (abs)        000F89
_OSCCONbits                 (abs)        000FD3
_OpenSPI                    text9        000D92
_PIR1bits                   (abs)        000F9E
_PORTA                      (abs)        000F80
_PORTB                      (abs)        000F81
_PORTC                      (abs)        000F82
_PORTD                      (abs)        000F83
_PORTDbits                  (abs)        000F83
_PORTE                      (abs)        000F84
_PORTEbits                  (abs)        000F84
_SSPBUF                     (abs)        000FC9
_SSPCON1                    (abs)        000FC6
_SSPCON1bits                (abs)        000FC6
_SSPSTAT                    (abs)        000FC7
_SSPSTATbits                (abs)        000FC7
_TRISA                      (abs)        000F92
_TRISAbits                  (abs)        000F92
_TRISB                      (abs)        000F93
_TRISBbits                  (abs)        000F93
_TRISC                      (abs)        000F94
_TRISCbits                  (abs)        000F94
_TRISD                      (abs)        000F95
_TRISE                      (abs)        000F96
_WriteSPI                   text11       000EE8
__CFG_BOR$OFF               (abs)        000000
__CFG_CPUDIV$OSC1_PLL2      (abs)        000000
__CFG_FCMEN$OFF             (abs)        000000
__CFG_FOSC$INTOSC_HS        (abs)        000000
__CFG_IESO$ON               (abs)        000000
__CFG_LPT1OSC$OFF           (abs)        000000
__CFG_LVP$OFF               (abs)        000000
__CFG_MCLRE$ON              (abs)        000000
__CFG_PBADEN$OFF            (abs)        000000
__CFG_PLLDIV$5              (abs)        000000
__CFG_PWRT$ON               (abs)        000000
__CFG_USBDIV$2              (abs)        000000
__CFG_VREGEN$ON             (abs)        000000
__CFG_WDT$OFF               (abs)        000000
__HRAM                      (abs)        000000
__Habs1                     abs1         000000
__Hbank0                    bank0        000000
__Hbank1                    bank1        000000
__Hbank2                    bank2        000000
__Hbank3                    bank3        000000
__Hbank4                    bank4        000000
__Hbank5                    bank5        000000
__Hbank6                    bank6        000000
__Hbank7                    bank7        000000
__Hbigbss                   bigbss       000000
__Hbigdata                  bigdata      000000
__Hbigram                   bigram       000000
__Hbss                      bss          000000
__HbssCOMRAM                bssCOMRAM    000000
__Hcinit                    cinit        000000
__Hclrtext                  clrtext      000000
__Hcomram                   comram       000000
__Hconfig                   config       30000E
__Hconst                    const        000000
__HcstackCOMRAM             cstackCOMRAM 000000
__Hdata                     data         000000
__HdataCOMRAM               dataCOMRAM   000000
__Heeprom_data              eeprom_data  000000
__Hend_init                 end_init     000004
__Hfarbss                   farbss       000000
__Hfardata                  fardata      000000
__Hibigdata                 ibigdata     000000
__Hidata                    idata        000000
__HidataCOMRAM              idataCOMRAM  000000
__Hidloc                    idloc        200008
__Hifardata                 ifardata     000000
__Hinit                     init         000000
__Hintcode                  intcode      000000
__Hintcode_body             intcode_body 000000
__Hintcodelo                intcodelo    000000
__Hintentry                 intentry     000000
__Hintret                   intret       000000
__Hintsave_regs             intsave_regs 000000
__Hirdata                   irdata       000000
__Hmediumconst              mediumconst  000000
__Hnvbit                    nvbit        000000
__Hnvrram                   nvrram       000000
__Hparam                    rparam       000000
__Hpowerup                  powerup      000000
__Hram                      ram          000000
__Hramtop                   ramtop       000800
__Hrbit                     rbit         000000
__Hrbss                     rbss         000000
__Hrdata                    rdata        000000
__Hreset_vec                reset_vec    000000
__Hrparam                   rparam       000000
__Hsfr                      sfr          000000
__Hsmallconst               smallconst   000812
__Hstruct                   struct       000000
__Htemp                     temp         000000
__Htext                     text         000000
__Htext0                    text0        000000
__Htext1                    text1        000000
__Htext10                   text10       000000
__Htext11                   text11       000000
__Htext12                   text12       000000
__Htext2                    text2        000000
__Htext3                    text3        000000
__Htext4                    text4        000000
__Htext5                    text5        000000
__Htext6                    text6        000000
__Htext7                    text7        000000
__Htext8                    text8        000000
__Htext9                    text9        000000
__LRAM                      (abs)        000001
__Labs1                     abs1         000000
__Lbank0                    bank0        000000
__Lbank1                    bank1        000000
__Lbank2                    bank2        000000
__Lbank3                    bank3        000000
__Lbank4                    bank4        000000
__Lbank5                    bank5        000000
__Lbank6                    bank6        000000
__Lbank7                    bank7        000000
__Lbigbss                   bigbss       000000
__Lbigdata                  bigdata      000000
__Lbigram                   bigram       000000
__Lbss                      bss          000000
__LbssCOMRAM                bssCOMRAM    000000
__Lcinit                    cinit        000000
__Lclrtext                  clrtext      000000
__Lcomram                   comram       000000
__Lconfig                   config       300000
__Lconst                    const        000000
__LcstackCOMRAM             cstackCOMRAM 000000
__Ldata                     data         000000
__LdataCOMRAM               dataCOMRAM   000000
__Leeprom_data              eeprom_data  000000
__Lend_init                 end_init     000000
__Lfarbss                   farbss       000000
__Lfardata                  fardata      000000
__Libigdata                 ibigdata     000000
__Lidata                    idata        000000
__LidataCOMRAM              idataCOMRAM  000000
__Lidloc                    idloc        200000
__Lifardata                 ifardata     000000
__Linit                     init         000000
__Lintcode                  intcode      000000
__Lintcode_body             intcode_body 000000
__Lintcodelo                intcodelo    000000
__Lintentry                 intentry     000000
__Lintret                   intret       000000
__Lintsave_regs             intsave_regs 000000
__Lirdata                   irdata       000000
__Lmediumconst              mediumconst  000000
__Lnvbit                    nvbit        000000
__Lnvrram                   nvrram       000000
__Lparam                    rparam       000000
__Lpowerup                  powerup      000000
__Lram                      ram          000000
__Lramtop                   ramtop       000800
__Lrbit                     rbit         000000
__Lrbss                     rbss         000000
__Lrdata                    rdata        000000
__Lreset_vec                reset_vec    000000
__Lrparam                   rparam       000000
__Lsfr                      sfr          000000
__Lsmallconst               smallconst   000800
__Lstruct                   struct       000000
__Ltemp                     temp         000000
__Ltext                     text         000000
__Ltext0                    text0        000000
__Ltext1                    text1        000000
__Ltext10                   text10       000000
__Ltext11                   text11       000000
__Ltext12                   text12       000000
__Ltext2                    text2        000000
__Ltext3                    text3        000000
__Ltext4                    text4        000000
__Ltext5                    text5        000000
__Ltext6                    text6        000000
__Ltext7                    text7        000000
__Ltext8                    text8        000000
__Ltext9                    text9        000000
__S0                        (abs)        30000E
__S1                        (abs)        00003B
__accesstop                 (abs)        000060
__activetblptr              (abs)        000001
__end_of_Delay10KTCYx       text12       000F68
__end_of_OpenSPI            text9        000DF6
__end_of_WriteSPI           text11       000F18
__end_of__initialization    cinit        000EA6
__end_of__stringdata        smallconst   000811
__end_of_ctrl_lcd_cursor    text5        000E7A
__end_of_envia_dado         text3        000F50
__end_of_envia_lcd          text7        000CF2
__end_of_lcd_start          text1        0009AA
__end_of_limpa_tela         text6        000F36
__end_of_main               text0        000AF2
__end_of_mostra_lcd_buff    text2        000EE8
__end_of_pos_lcd            text4        000D92
__end_of_sprintf            text10       000E3E
__end_of_tempo_us           text8        000BF6
__initialization            cinit        000E7A
__mediumconst               mediumconst  000000
__pbssCOMRAM                bssCOMRAM    00001B
__pcinit                    cinit        000E7A
__pcstackCOMRAM             cstackCOMRAM 000001
__pdataCOMRAM               dataCOMRAM   00002C
__pidataCOMRAM              idataCOMRAM  000F68
__psmallconst               smallconst   000800
__ptext0                    text0        0009AA
__ptext1                    text1        000812
__ptext10                   text10       000DF6
__ptext11                   text11       000EE8
__ptext12                   text12       000F50
__ptext2                    text2        000EB4
__ptext3                    text3        000F36
__ptext4                    text4        000CF2
__ptext5                    text5        000E3E
__ptext6                    text6        000F18
__ptext7                    text7        000BF6
__ptext8                    text8        000AF2
__ptext9                    text9        000D92
__ramtop                    ramtop       000800
__size_of_Delay10KTCYx      (abs)        000000
__size_of_OpenSPI           (abs)        000000
__size_of_WriteSPI          (abs)        000000
__size_of_ctrl_lcd_cursor   (abs)        000000
__size_of_envia_dado        (abs)        000000
__size_of_envia_lcd         (abs)        000000
__size_of_lcd_start         (abs)        000000
__size_of_limpa_tela        (abs)        000000
__size_of_main              (abs)        000000
__size_of_mostra_lcd_buff   (abs)        000000
__size_of_pos_lcd           (abs)        000000
__size_of_sprintf           (abs)        000000
__size_of_tempo_us          (abs)        000000
__smallconst                smallconst   000800
__stringdata                smallconst   000800
_ctrl_lcd_cursor            text5        000E3E
_envia_dado                 text3        000F36
_envia_lcd                  text7        000BF6
_lcd_start                  text1        000812
_limpa_tela                 text6        000F18
_main                       text0        0009AA
_mensagem_lcd               bssCOMRAM    00001B
_mostra_lcd_buff            text2        000EB4
_pos_lcd                    text4        000CF2
_sprintf                    text10       000DF6
_tempo_us                   text8        000AF2
ctrl_lcd_cursor@F5309       dataCOMRAM   000032
ctrl_lcd_cursor@comando     cstackCOMRAM 00000B
ctrl_lcd_cursor@controle    cstackCOMRAM 000009
end_of_initialization       cinit        000EA6
envia_dado@dado             cstackCOMRAM 000009
envia_lcd@byte              cstackCOMRAM 000003
envia_lcd@cmd_data          cstackCOMRAM 000004
envia_lcd@delay             cstackCOMRAM 000005
intlevel0                   text         000000
intlevel1                   text         000000
intlevel2                   text         000000
intlevel3                   text         000000
lcd_start@F5326             dataCOMRAM   00002C
lcd_start@contagem          cstackCOMRAM 000011
lcd_start@lcd_conf          cstackCOMRAM 000012
mostra_lcd_buff@buffer_size cstackCOMRAM 000010
mostra_lcd_buff@column      cstackCOMRAM 00000D
mostra_lcd_buff@line        cstackCOMRAM 00000C
mostra_lcd_buff@p_char      cstackCOMRAM 00000E
move_cursor@F5301           dataCOMRAM   000037
move_mensagem@F5305         dataCOMRAM   000039
pos_lcd@column              cstackCOMRAM 00000A
pos_lcd@line                cstackCOMRAM 000009
sprintf@ap                  cstackCOMRAM 000005
sprintf@c                   cstackCOMRAM 000007
sprintf@f                   cstackCOMRAM 000003
sprintf@sp                  cstackCOMRAM 000001
start                       init         000000
start_initialization        cinit        000E7A
tempo_us@tempo              cstackCOMRAM 000001


FUNCTION INFORMATION:

 *************** function _main *****************
 Defined at:
		line 29 in file "../main.c"
 Parameters:    Size  Location     Type
		None
 Auto vars:     Size  Location     Type
		None
 Return value:  Size  Location     Type
		None               void
 Registers used:
		wreg, fsr1l, fsr1h, fsr2l, fsr2h, status,2, status,0, tblptrl, tblptrh, tblptru, prodl, prodh, cstack
 Tracked objects:
		On entry : 
		On exit  : 
		Unchanged: 
 Data sizes:     COMRAM   BANK0   BANK1   BANK2   BANK3   BANK4   BANK5   BANK6   BANK7
      Params:         0       0       0       0       0       0       0       0       0
      Locals:         0       0       0       0       0       0       0       0       0
      Temps:          3       0       0       0       0       0       0       0       0
      Totals:         3       0       0       0       0       0       0       0       0
Total ram usage:        3 bytes
 Hardware stack levels required when called:    4
 This function calls:
		_lcd_start
		_OpenSPI
		_sprintf
		_mostra_lcd_buff
		_WriteSPI
		_Delay10KTCYx
 This function is called by:
		Startup code after reset
 This function uses a non-reentrant model


 *************** function _lcd_start *****************
 Defined at:
		line 199 in file "../LCD_16x2_Pic18.h"
 Parameters:    Size  Location     Type
		None
 Auto vars:     Size  Location     Type
  lcd_conf        6   17[COMRAM] unsigned char [6]
  contagem        1   16[COMRAM] unsigned char 
 Return value:  Size  Location     Type
		None               void
 Registers used:
		wreg, fsr1l, fsr1h, fsr2l, fsr2h, status,2, status,0, prodl, prodh, cstack
 Tracked objects:
		On entry : 
		On exit  : 
		Unchanged: 
 Data sizes:     COMRAM   BANK0   BANK1   BANK2   BANK3   BANK4   BANK5   BANK6   BANK7
      Params:         0       0       0       0       0       0       0       0       0
      Locals:         7       0       0       0       0       0       0       0       0
      Temps:          1       0       0       0       0       0       0       0       0
      Totals:         8       0       0       0       0       0       0       0       0
Total ram usage:        8 bytes
 Hardware stack levels used:    1
 Hardware stack levels required when called:    3
 This function calls:
		_tempo_us
		_envia_lcd
		_limpa_tela
		_ctrl_lcd_cursor
 This function is called by:
		_main
 This function uses a non-reentrant model


 *************** function _mostra_lcd_buff *****************
 Defined at:
		line 181 in file "../LCD_16x2_Pic18.h"
 Parameters:    Size  Location     Type
  line            1   11[COMRAM] unsigned char 
  column          1   12[COMRAM] unsigned char 
  p_char          2   13[COMRAM] PTR unsigned char 
		 -> mensagem_lcd(17), 
  buffer_size     1   15[COMRAM] unsigned char 
 Auto vars:     Size  Location     Type
		None
 Return value:  Size  Location     Type
		None               void
 Registers used:
		wreg, fsr2l, fsr2h, status,2, status,0, cstack
 Tracked objects:
		On entry : 
		On exit  : 
		Unchanged: 
 Data sizes:     COMRAM   BANK0   BANK1   BANK2   BANK3   BANK4   BANK5   BANK6   BANK7
      Params:         5       0       0       0       0       0       0       0       0
      Locals:         0       0       0       0       0       0       0       0       0
      Temps:          0       0       0       0       0       0       0       0       0
      Totals:         5       0       0       0       0       0       0       0       0
Total ram usage:        5 bytes
 Hardware stack levels used:    1
 Hardware stack levels required when called:    3
 This function calls:
		_pos_lcd
		_envia_dado
 This function is called by:
		_main
 This function uses a non-reentrant model


 *************** function _envia_dado *****************
 Defined at:
		line 163 in file "../LCD_16x2_Pic18.h"
 Parameters:    Size  Location     Type
  dado            1    8[COMRAM] unsigned char 
 Auto vars:     Size  Location     Type
		None
 Return value:  Size  Location     Type
		None               void
 Registers used:
		wreg, status,2, status,0, cstack
 Tracked objects:
		On entry : 
		On exit  : 
		Unchanged: 
 Data sizes:     COMRAM   BANK0   BANK1   BANK2   BANK3   BANK4   BANK5   BANK6   BANK7
      Params:         1       0       0       0       0       0       0       0       0
      Locals:         0       0       0       0       0       0       0       0       0
      Temps:          1       0       0       0       0       0       0       0       0
      Totals:         2       0       0       0       0       0       0       0       0
Total ram usage:        2 bytes
 Hardware stack levels used:    1
 Hardware stack levels required when called:    2
 This function calls:
		_envia_lcd
 This function is called by:
		_mostra_lcd_buff
		_mostra_lcd_string
 This function uses a non-reentrant model


 *************** function _pos_lcd *****************
 Defined at:
		line 150 in file "../LCD_16x2_Pic18.h"
 Parameters:    Size  Location     Type
  line            1    8[COMRAM] unsigned char 
  column          1    9[COMRAM] unsigned char 
 Auto vars:     Size  Location     Type
		None
 Return value:  Size  Location     Type
		None               void
 Registers used:
		wreg, status,2, status,0, cstack
 Tracked objects:
		On entry : 
		On exit  : 
		Unchanged: 
 Data sizes:     COMRAM   BANK0   BANK1   BANK2   BANK3   BANK4   BANK5   BANK6   BANK7
      Params:         2       0       0       0       0       0       0       0       0
      Locals:         0       0       0       0       0       0       0       0       0
      Temps:          1       0       0       0       0       0       0       0       0
      Totals:         3       0       0       0       0       0       0       0       0
Total ram usage:        3 bytes
 Hardware stack levels used:    1
 Hardware stack levels required when called:    2
 This function calls:
		_envia_lcd
 This function is called by:
		_mostra_lcd_buff
		_mostra_lcd_string
 This function uses a non-reentrant model


 *************** function _ctrl_lcd_cursor *****************
 Defined at:
		line 143 in file "../LCD_16x2_Pic18.h"
 Parameters:    Size  Location     Type
  controle        1    8[COMRAM] unsigned char 
 Auto vars:     Size  Location     Type
  comando         5   10[COMRAM] unsigned char [5]
 Return value:  Size  Location     Type
		None               void
 Registers used:
		wreg, fsr1l, fsr1h, fsr2l, fsr2h, status,2, status,0, prodl, prodh, cstack
 Tracked objects:
		On entry : 
		On exit  : 
		Unchanged: 
 Data sizes:     COMRAM   BANK0   BANK1   BANK2   BANK3   BANK4   BANK5   BANK6   BANK7
      Params:         1       0       0       0       0       0       0       0       0
      Locals:         5       0       0       0       0       0       0       0       0
      Temps:          1       0       0       0       0       0       0       0       0
      Totals:         7       0       0       0       0       0       0       0       0
Total ram usage:        7 bytes
 Hardware stack levels used:    1
 Hardware stack levels required when called:    2
 This function calls:
		_envia_lcd
 This function is called by:
		_lcd_start
 This function uses a non-reentrant model


 *************** function _limpa_tela *****************
 Defined at:
		line 118 in file "../LCD_16x2_Pic18.h"
 Parameters:    Size  Location     Type
		None
 Auto vars:     Size  Location     Type
		None
 Return value:  Size  Location     Type
		None               void
 Registers used:
		wreg, status,2, status,0, cstack
 Tracked objects:
		On entry : 
		On exit  : 
		Unchanged: 
 Data sizes:     COMRAM   BANK0   BANK1   BANK2   BANK3   BANK4   BANK5   BANK6   BANK7
      Params:         0       0       0       0       0       0       0       0       0
      Locals:         0       0       0       0       0       0       0       0       0
      Temps:          2       0       0       0       0       0       0       0       0
      Totals:         2       0       0       0       0       0       0       0       0
Total ram usage:        2 bytes
 Hardware stack levels used:    1
 Hardware stack levels required when called:    2
 This function calls:
		_envia_lcd
 This function is called by:
		_lcd_start
 This function uses a non-reentrant model


 *************** function _envia_lcd *****************
 Defined at:
		line 90 in file "../LCD_16x2_Pic18.h"
 Parameters:    Size  Location     Type
  byte            1    2[COMRAM] unsigned char 
  cmd_data        1    3[COMRAM] unsigned char 
  delay           2    4[COMRAM] int 
 Auto vars:     Size  Location     Type
		None
 Return value:  Size  Location     Type
		None               void
 Registers used:
		wreg, status,2, status,0, cstack
 Tracked objects:
		On entry : 
		On exit  : 
		Unchanged: 
 Data sizes:     COMRAM   BANK0   BANK1   BANK2   BANK3   BANK4   BANK5   BANK6   BANK7
      Params:         4       0       0       0       0       0       0       0       0
      Locals:         0       0       0       0       0       0       0       0       0
      Temps:          2       0       0       0       0       0       0       0       0
      Totals:         6       0       0       0       0       0       0       0       0
Total ram usage:        6 bytes
 Hardware stack levels used:    1
 Hardware stack levels required when called:    1
 This function calls:
		_tempo_us
 This function is called by:
		_limpa_tela
		_ctrl_lcd_cursor
		_pos_lcd
		_envia_dado
		_lcd_start
		_volta_cursor
		_move_cursor
		_move_mensagem
 This function uses a non-reentrant model


 *************** function _tempo_us *****************
 Defined at:
		line 20 in file "../LCD_16x2_Pic18.h"
 Parameters:    Size  Location     Type
  tempo           2    0[COMRAM] int 
 Auto vars:     Size  Location     Type
		None
 Return value:  Size  Location     Type
		None               void
 Registers used:
		wreg, status,2, status,0
 Tracked objects:
		On entry : 
		On exit  : 
		Unchanged: 
 Data sizes:     COMRAM   BANK0   BANK1   BANK2   BANK3   BANK4   BANK5   BANK6   BANK7
      Params:         2       0       0       0       0       0       0       0       0
      Locals:         0       0       0       0       0       0       0       0       0
      Temps:          0       0       0       0       0       0       0       0       0
      Totals:         2       0       0       0       0       0       0       0       0
Total ram usage:        2 bytes
 Hardware stack levels used:    1
 This function calls:
		Nothing
 This function is called by:
		_envia_lcd
		_lcd_start
 This function uses a non-reentrant model


 *************** function _OpenSPI *****************
 Defined at:
		line 15 in file "plib/SPI/spi_open.c"
 Parameters:    Size  Location     Type
  sync_mode       1    0[COMRAM] unsigned char 
  bus_mode        1    1[COMRAM] unsigned char 
  smp_phase       1    2[COMRAM] unsigned char 
 Auto vars:     Size  Location     Type
		None
 Return value:  Size  Location     Type
		None               void
 Registers used:
		wreg, status,2, status,0
 Tracked objects:
		On entry : 
		On exit  : 
		Unchanged: 
 Data sizes:     COMRAM   BANK0   BANK1   BANK2   BANK3   BANK4   BANK5   BANK6   BANK7
      Params:         3       0       0       0       0       0       0       0       0
      Locals:         0       0       0       0       0       0       0       0       0
      Temps:          0       0       0       0       0       0       0       0       0
      Totals:         3       0       0       0       0       0       0       0       0
Total ram usage:        3 bytes
 Hardware stack levels used:    1
 This function calls:
		Nothing
 This function is called by:
		_main
 This function uses a non-reentrant model


 *************** function _sprintf *****************
 Defined at:
		line 493 in file "/Applications/microchip/xc8/v1.12/sources/doprnt.c"
 Parameters:    Size  Location     Type
  sp              2    0[COMRAM] PTR unsigned char 
		 -> mensagem_lcd(17), 
  f               2    2[COMRAM] PTR const unsigned char 
		 -> STR_1(17), 
 Auto vars:     Size  Location     Type
  _val            5    0        struct .
  ap              2    4[COMRAM] PTR void [1]
		 -> ?_sprintf(2), 
  c               1    6[COMRAM] char 
  flag            1    0        unsigned char 
  prec            1    0        char 
 Return value:  Size  Location     Type
                  2    0[COMRAM] int 
 Registers used:
		wreg, fsr2l, fsr2h, status,2, status,0, tblptrl, tblptrh, tblptru
 Tracked objects:
		On entry : 
		On exit  : 
		Unchanged: 
 Data sizes:     COMRAM   BANK0   BANK1   BANK2   BANK3   BANK4   BANK5   BANK6   BANK7
      Params:         4       0       0       0       0       0       0       0       0
      Locals:         3       0       0       0       0       0       0       0       0
      Temps:          0       0       0       0       0       0       0       0       0
      Totals:         7       0       0       0       0       0       0       0       0
Total ram usage:        7 bytes
 Hardware stack levels used:    1
 This function calls:
		Nothing
 This function is called by:
		_main
 This function uses a non-reentrant model


 *************** function _WriteSPI *****************
 Defined at:
		line 14 in file "plib/SPI/spi_writ.c"
 Parameters:    Size  Location     Type
  data_out        1    0[COMRAM] unsigned char 
 Auto vars:     Size  Location     Type
  TempVar         1    1[COMRAM] unsigned char 
 Return value:  Size  Location     Type
                  1    wreg      char 
 Registers used:
		wreg
 Tracked objects:
		On entry : 
		On exit  : 
		Unchanged: 
 Data sizes:     COMRAM   BANK0   BANK1   BANK2   BANK3   BANK4   BANK5   BANK6   BANK7
      Params:         1       0       0       0       0       0       0       0       0
      Locals:         1       0       0       0       0       0       0       0       0
      Temps:          0       0       0       0       0       0       0       0       0
      Totals:         2       0       0       0       0       0       0       0       0
Total ram usage:        2 bytes
 Hardware stack levels used:    1
 This function calls:
		Nothing
 This function is called by:
		_main
 This function uses a non-reentrant model


 *************** function _Delay10KTCYx *****************
 Defined at:
		line 9 in file "../common/d10ktcyx.c"
 Parameters:    Size  Location     Type
  unit            1    0[COMRAM] unsigned char 
 Auto vars:     Size  Location     Type
		None
 Return value:  Size  Location     Type
		None               void
 Registers used:
		wreg
 Tracked objects:
		On entry : 
		On exit  : 
		Unchanged: 
 Data sizes:     COMRAM   BANK0   BANK1   BANK2   BANK3   BANK4   BANK5   BANK6   BANK7
      Params:         1       0       0       0       0       0       0       0       0
      Locals:         0       0       0       0       0       0       0       0       0
      Temps:          1       0       0       0       0       0       0       0       0
      Totals:         2       0       0       0       0       0       0       0       0
Total ram usage:        2 bytes
 Hardware stack levels used:    1
 This function calls:
		Nothing
 This function is called by:
		_main
 This function uses a non-reentrant model



MODULE INFORMATION

Module		Function		Class		Link	Load	Size
../main.c
		_main          		CODE           	09AA	0000	328

../main.c estimated size: 328

../common/d10ktcyx.c
		_Delay10KTCYx  		CODE           	0F50	0000	24

../common/d10ktcyx.c estimated size: 24

../LCD_16x2_Pic18.h
		_ctrl_lcd_curso		CODE           	0E3E	0000	60
		_tempo_us      		CODE           	0AF2	0000	260
		_pos_lcd       		CODE           	0CF2	0000	160
		_lcd_start     		CODE           	0812	0000	408
		_envia_lcd     		CODE           	0BF6	0000	252
		_mostra_lcd_buf		CODE           	0EB4	0000	52
		_envia_dado    		CODE           	0F36	0000	26
		_limpa_tela    		CODE           	0F18	0000	30

../LCD_16x2_Pic18.h estimated size: 1248

shared
		__stringdata   		SMALLCONST     	0800	0000	17
		__initializatio		CODE           	0E7A	0000	44

shared estimated size: 61

plib/SPI/spi_open.c
		_OpenSPI       		CODE           	0D92	0000	100

plib/SPI/spi_open.c estimated size: 100

/Applications/microchip/xc8/v1.12/sources/doprnt.c
		_sprintf       		CODE           	0DF6	0000	72

/Applications/microchip/xc8/v1.12/sources/doprnt.c estimated size: 72

plib/SPI/spi_writ.c
		_WriteSPI      		CODE           	0EE8	0000	48

plib/SPI/spi_writ.c estimated size: 48

